     VMA      LMA     Size Align Out     In      Symbol
       0        0 80200000     1 . = 0x80200000
80200000 80200000      3a8     4 .text
80200000 80200000        e     2         /var/folders/gt/4b4y5qgn4cx7h6s1nwxzf4hw0000gn/T/kernel-6b0387.o:(.text.boot)
80200000 80200000        0     1                 .L0 
80200000 80200000        0     1                 .L0 
80200000 80200000        0     1                 $x
80200000 80200000        0     1                 .L0 
80200000 80200000        e     1                 boot
8020000e 8020000e        0     1                 .L0 
8020000e 8020000e        0     1                 .L0 
80200010 80200010      178     4         /var/folders/gt/4b4y5qgn4cx7h6s1nwxzf4hw0000gn/T/kernel-6b0387.o:(.text)
80200010 80200010        0     1                 .L0 
80200010 80200010        0     1                 .L0 
80200010 80200010        0     1                 $x
80200010 80200010        0     1                 .L0 
80200010 80200010        6     1                 sbi_call
80200014 80200014        0     1                 .L0 
80200016 80200016        0     1                 .L0 
80200016 80200016        0     1                 .L0 
80200016 80200016        0     1                 .L0 
80200016 80200016       14     1                 putchar
80200028 80200028        0     1                 .L0 
8020002a 8020002a        0     1                 .L0 
8020002a 8020002a        0     1                 .L0 
8020002a 8020002a        0     1                 .L0 
8020002a 8020002a       28     1                 puts
8020002c 8020002c        0     1                 .L0 
80200030 80200030        0     1                 .L0 
80200042 80200042        0     1                 .L0 
80200042 80200042        0     1                 .L0 
80200042 80200042        0     1                 .L0 
80200048 80200048        0     1                 .L0 
80200048 80200048        0     1                 .L0 
8020004c 8020004c        0     1                 .L0 
8020004e 8020004e        0     1                 .L0 
80200050 80200050        0     1                 .L0 
80200050 80200050        0     1                 .L0 
80200052 80200052        0     1                 .L0 
80200052 80200052        0     1                 .L0 
80200054 80200054        0     1                 .L0 
80200054 80200054        0     1                 .L0 
80200054 80200054        0     1                 .L0 
80200054 80200054       90     1                 kernel_entry
802000e4 802000e4        0     1                 .L0 
802000e4 802000e4        0     1                 .L0 
802000e4 802000e4        0     1                 .L0 
802000e4 802000e4        0     1                 .L0 
802000e4 802000e4        0     1                 .L0 
802000e4 802000e4       28     1                 handle_trap
802000e8 802000e8        0     1                 .L0 
802000e8 802000e8        0     1                 .L0 
802000ec 802000ec        0     1                 .L0 
802000ec 802000ec        0     1                 .L0 
802000f0 802000f0        0     1                 .L0 
802000f0 802000f0        0     1                 .L0 
802000f4 802000f4        0     1                 .L0 
802000f4 802000f4        0     1                 .L0 
802000f8 802000f8        0     1                 .L0 
8020010a 8020010a        0     1                 .L0 
8020010a 8020010a        0     1                 .L0 
8020010c 8020010c        0     1                 .L0 
8020010c 8020010c        0     1                 .L0 
8020010c 8020010c        0     1                 .L0 
8020010c 8020010c        0     1                 .L0 
8020010c 8020010c        0     1                 .L0 
8020010c 8020010c       7c     1                 kernel_main
80200110 80200110        0     1                 .L0 
80200126 80200126        0     1                 .L0 
80200126 80200126        0     1                 .L0 
80200142 80200142        0     1                 .L0 
80200142 80200142        0     1                 .L0 
80200142 80200142        0     1                 .L0 
80200148 80200148        0     1                 .L0 
80200148 80200148        0     1                 .L0 
8020014c 8020014c        0     1                 .L0 
8020014e 8020014e        0     1                 .L0 
80200152 80200152        0     1                 .L0 
80200152 80200152        0     1                 .L0 
80200164 80200164        0     1                 .L0 
80200164 80200164        0     1                 .L0 
80200178 80200178        0     1                 .L0 
80200178 80200178        0     1                 .L0 
80200180 80200180        0     1                 .L0 
80200184 80200184        0     1                 .L0 
80200184 80200184        0     1                 .L0 
80200186 80200186        0     1                 .L0 
80200186 80200186        0     1                 .L0 
80200186 80200186        0     1                 .L0 
80200188 80200188        0     1                 .L0 
80200188 80200188        0     1                 .L0 
80200188 80200188      220     2         /var/folders/gt/4b4y5qgn4cx7h6s1nwxzf4hw0000gn/T/common-b1b442.o:(.text)
80200188 80200188        0     1                 .L0 
80200188 80200188        0     1                 .L0 
80200188 80200188        0     1                 $x
80200188 80200188        0     1                 .L0 
80200188 80200188      1a6     1                 printf
802001b6 802001b6        0     1                 .L0 
802001de 802001de        0     1                 .L0 
802001de 802001de        0     1                 .L0 
802001e2 802001e2        0     1                 .L0 
802001e2 802001e2        0     1                 .L0 
802001e4 802001e4        0     1                 .L0 
802001e4 802001e4        0     1                 .L0 
802001e8 802001e8        0     1                 .L0 
802001f0 802001f0        0     1                 .L0 
802001f0 802001f0        0     1                 .L0 
802001f2 802001f2        0     1                 .L0 
802001f2 802001f2        0     1                 .L0 
802001f4 802001f4        0     1                 .L0 
802001f6 802001f6        0     1                 .L0 
802001f6 802001f6        0     1                 .L0 
802001fa 802001fa        0     1                 .L0 
802001fc 802001fc        0     1                 .L0 
8020020c 8020020c        0     1                 .L0 
8020020c 8020020c        0     1                 .L0 
80200218 80200218        0     1                 .L0 
80200218 80200218        0     1                 .L0 
8020021c 8020021c        0     1                 .L0 
8020021c 8020021c        0     1                 .L0 
8020021e 8020021e        0     1                 .L0 
80200224 80200224        0     1                 .L0 
80200224 80200224        0     1                 .L0 
80200224 80200224        0     1                 .L0 
8020022c 8020022c        0     1                 .L0 
8020022c 8020022c        0     1                 .L0 
80200236 80200236        0     1                 .L0 
80200236 80200236        0     1                 .L0 
8020023a 8020023a        0     1                 .L0 
8020023a 8020023a        0     1                 .L0 
8020023c 8020023c        0     1                 .L0 
80200240 80200240        0     1                 .L0 
80200242 80200242        0     1                 .L0 
80200242 80200242        0     1                 .L0 
80200248 80200248        0     1                 .L0 
80200248 80200248        0     1                 .L0 
8020024a 8020024a        0     1                 .L0 
8020024e 8020024e        0     1                 .L0 
80200250 80200250        0     1                 .L0 
80200250 80200250        0     1                 .L0 
80200256 80200256        0     1                 .L0 
80200256 80200256        0     1                 .L0 
80200258 80200258        0     1                 .L0 
8020025c 8020025c        0     1                 .L0 
8020025e 8020025e        0     1                 .L0 
8020025e 8020025e        0     1                 .L0 
80200264 80200264        0     1                 .L0 
80200264 80200264        0     1                 .L0 
80200266 80200266        0     1                 .L0 
8020026a 8020026a        0     1                 .L0 
8020026c 8020026c        0     1                 .L0 
8020026c 8020026c        0     1                 .L0 
80200272 80200272        0     1                 .L0 
80200272 80200272        0     1                 .L0 
80200274 80200274        0     1                 .L0 
80200278 80200278        0     1                 .L0 
8020027a 8020027a        0     1                 .L0 
8020027a 8020027a        0     1                 .L0 
80200280 80200280        0     1                 .L0 
80200280 80200280        0     1                 .L0 
80200282 80200282        0     1                 .L0 
80200286 80200286        0     1                 .L0 
80200288 80200288        0     1                 .L0 
80200288 80200288        0     1                 .L0 
8020028e 8020028e        0     1                 .L0 
8020028e 8020028e        0     1                 .L0 
80200290 80200290        0     1                 .L0 
80200294 80200294        0     1                 .L0 
80200296 80200296        0     1                 .L0 
80200296 80200296        0     1                 .L0 
80200298 80200298        0     1                 .L0 
80200298 80200298        0     1                 .L0 
8020029a 8020029a        0     1                 .L0 
8020029e 8020029e        0     1                 .L0 
8020029e 8020029e        0     1                 .L0 
802002a0 802002a0        0     1                 .L0 
802002a0 802002a0        0     1                 .L0 
802002a2 802002a2        0     1                 .L0 
802002a4 802002a4        0     1                 .L0 
802002a4 802002a4        0     1                 .L0 
802002a4 802002a4        0     1                 .L0 
802002ae 802002ae        0     1                 .L0 
802002ae 802002ae        0     1                 .L0 
802002b2 802002b2        0     1                 .L0 
802002b8 802002b8        0     1                 .L0 
802002b8 802002b8        0     1                 .L0 
802002b8 802002b8        0     1                 .L0 
802002be 802002be        0     1                 .L0 
802002be 802002be        0     1                 .L0 
802002c2 802002c2        0     1                 .L0 
802002c4 802002c4        0     1                 .L0 
802002c8 802002c8        0     1                 .L0 
802002c8 802002c8        0     1                 .L0 
802002c8 802002c8        0     1                 .L0 
802002ce 802002ce        0     1                 .L0 
802002ce 802002ce        0     1                 .L0 
802002d2 802002d2        0     1                 .L0 
802002d2 802002d2        0     1                 .L0 
802002d4 802002d4        0     1                 .L0 
802002d8 802002d8        0     1                 .L0 
802002d8 802002d8        0     1                 .L0 
802002da 802002da        0     1                 .L0 
802002da 802002da        0     1                 .L0 
802002da 802002da        0     1                 .L0 
802002de 802002de        0     1                 .L0 
802002e2 802002e2        0     1                 .L0 
802002e6 802002e6        0     1                 .L0 
802002e6 802002e6        0     1                 .L0 
802002e6 802002e6        0     1                 .L0 
802002e8 802002e8        0     1                 .L0 
802002e8 802002e8        0     1                 .L0 
802002ec 802002ec        0     1                 .L0 
802002f0 802002f0        0     1                 .L0 
802002f6 802002f6        0     1                 .L0 
802002f6 802002f6        0     1                 .L0 
802002fe 802002fe        0     1                 .L0 
80200304 80200304        0     1                 .L0 
80200304 80200304        0     1                 .L0 
8020030a 8020030a        0     1                 .L0 
8020030a 8020030a        0     1                 .L0 
8020030a 8020030a        0     1                 .L0 
80200310 80200310        0     1                 .L0 
80200310 80200310        0     1                 .L0 
80200310 80200310        0     1                 .L0 
80200314 80200314        0     1                 .L0 
8020032a 8020032a        0     1                 .L0 
8020032e 8020032e        0     1                 .L0 
8020032e 8020032e        0     1                 .L0 
8020032e 8020032e        0     1                 .L0 
8020032e 8020032e        0     1                 .L0 
8020032e 8020032e        0     1                 .L0 
8020032e 8020032e       1c     1                 memcpy
80200332 80200332        0     1                 .L0 
80200332 80200332        0     1                 .L0 
80200334 80200334        0     1                 .L0 
80200334 80200334        0     1                 .L0 
80200334 80200334        0     1                 .L0 
80200338 80200338        0     1                 .L0 
8020033a 8020033a        0     1                 .L0 
8020033e 8020033e        0     1                 .L0 
8020033e 8020033e        0     1                 .L0 
80200342 80200342        0     1                 .L0 
80200344 80200344        0     1                 .L0 
80200344 80200344        0     1                 .L0 
80200348 80200348        0     1                 .L0 
80200348 80200348        0     1                 .L0 
80200348 80200348        0     1                 .L0 
8020034a 8020034a        0     1                 .L0 
8020034a 8020034a        0     1                 .L0 
8020034a 8020034a        0     1                 .L0 
8020034a 8020034a        0     1                 .L0 
8020034a 8020034a        0     1                 .L0 
8020034a 8020034a       16     1                 memset
8020034e 8020034e        0     1                 .L0 
8020034e 8020034e        0     1                 .L0 
80200350 80200350        0     1                 .L0 
80200350 80200350        0     1                 .L0 
80200350 80200350        0     1                 .L0 
80200354 80200354        0     1                 .L0 
80200354 80200354        0     1                 .L0 
80200358 80200358        0     1                 .L0 
8020035a 8020035a        0     1                 .L0 
8020035a 8020035a        0     1                 .L0 
8020035e 8020035e        0     1                 .L0 
8020035e 8020035e        0     1                 .L0 
8020035e 8020035e        0     1                 .L0 
80200360 80200360        0     1                 .L0 
80200360 80200360        0     1                 .L0 
80200360 80200360        0     1                 .L0 
80200360 80200360        0     1                 .L0 
80200360 80200360        0     1                 .L0 
80200360 80200360       24     1                 strcpy
80200366 80200366        0     1                 .L0 
8020036a 8020036a        0     1                 .L0 
8020036a 8020036a        0     1                 .L0 
8020036c 8020036c        0     1                 .L0 
8020036c 8020036c        0     1                 .L0 
8020036c 8020036c        0     1                 .L0 
80200370 80200370        0     1                 .L0 
80200374 80200374        0     1                 .L0 
80200378 80200378        0     1                 .L0 
80200378 80200378        0     1                 .L0 
8020037a 8020037a        0     1                 .L0 
8020037a 8020037a        0     1                 .L0 
8020037c 8020037c        0     1                 .L0 
8020037e 8020037e        0     1                 .L0 
8020037e 8020037e        0     1                 .L0 
8020037e 8020037e        0     1                 .L0 
80200382 80200382        0     1                 .L0 
80200384 80200384        0     1                 .L0 
80200384 80200384        0     1                 .L0 
80200384 80200384        0     1                 .L0 
80200384 80200384        0     1                 .L0 
80200384 80200384        0     1                 .L0 
80200384 80200384       24     1                 strcmp
80200388 80200388        0     1                 .L0 
8020038a 8020038a        0     1                 .L0 
8020038c 8020038c        0     1                 .L0 
8020038c 8020038c        0     1                 .L0 
8020038c 8020038c        0     1                 .L0 
80200390 80200390        0     1                 .L0 
80200394 80200394        0     1                 .L0 
80200394 80200394        0     1                 .L0 
80200398 80200398        0     1                 .L0 
8020039a 8020039a        0     1                 .L0 
8020039c 8020039c        0     1                 .L0 
8020039e 8020039e        0     1                 .L0 
8020039e 8020039e        0     1                 .L0 
802003a2 802003a2        0     1                 .L0 
802003a6 802003a6        0     1                 .L0 
802003a8 802003a8        0     1                 .L0 
802003a8 802003a8        0     1                 .L0 
802003a8 802003a8       aa     4 .rodata
802003a8 802003a8       aa     1         <internal>:(.rodata.str1.1)
80200454 80200454        0     4 .bss
80200454 80200454        0     1         __bss = .
80200454 80200454        0     1         __bss_end = .
80200454 80200454        0     1 . = ALIGN ( 4 )
80200454 80200454    20000     1 . += 128 * 1024
80220454 80220454        0     1 __stack_top = .
       0        0      29c     1 .debug_loclists
       0        0       c2     1         /var/folders/gt/4b4y5qgn4cx7h6s1nwxzf4hw0000gn/T/kernel-6b0387.o:(.debug_loclists)
       0        0        0     1                 $d
       c        c        0     1                 .L0 
      c2       c2      1da     1         /var/folders/gt/4b4y5qgn4cx7h6s1nwxzf4hw0000gn/T/common-b1b442.o:(.debug_loclists)
      c2       c2        0     1                 $d
      ce       ce        0     1                 .L0 
       0        0      2dd     1 .debug_abbrev
       0        0      1b0     1         /var/folders/gt/4b4y5qgn4cx7h6s1nwxzf4hw0000gn/T/kernel-6b0387.o:(.debug_abbrev)
       0        0        0     1                 $d
     1b0      1b0      12d     1         /var/folders/gt/4b4y5qgn4cx7h6s1nwxzf4hw0000gn/T/common-b1b442.o:(.debug_abbrev)
     1b0      1b0        0     1                 $d
       0        0      7e7     1 .debug_info
       0        0      5a9     1         /var/folders/gt/4b4y5qgn4cx7h6s1nwxzf4hw0000gn/T/kernel-6b0387.o:(.debug_info)
       0        0        0     1                 $d
     5a9      5a9      23e     1         /var/folders/gt/4b4y5qgn4cx7h6s1nwxzf4hw0000gn/T/common-b1b442.o:(.debug_info)
     5a9      5a9        0     1                 $d
       0        0       33     1 .debug_rnglists
       0        0       18     1         /var/folders/gt/4b4y5qgn4cx7h6s1nwxzf4hw0000gn/T/kernel-6b0387.o:(.debug_rnglists)
       0        0        0     1                 $d
       c        c        0     1                 .L0 
      18       18       1b     1         /var/folders/gt/4b4y5qgn4cx7h6s1nwxzf4hw0000gn/T/common-b1b442.o:(.debug_rnglists)
      18       18        0     1                 $d
      24       24        0     1                 .L0 
       0        0      1b4     1 .debug_str_offsets
       0        0      11c     1         /var/folders/gt/4b4y5qgn4cx7h6s1nwxzf4hw0000gn/T/kernel-6b0387.o:(.debug_str_offsets)
       0        0        0     1                 $d
       8        8        0     1                 .L0 
     11c      11c       98     1         /var/folders/gt/4b4y5qgn4cx7h6s1nwxzf4hw0000gn/T/common-b1b442.o:(.debug_str_offsets)
     11c      11c        0     1                 $d
     124      124        0     1                 .L0 
       0        0      23e     1 .debug_str
       0        0      23e     1         <internal>:(.debug_str)
       0        0       c0     1 .debug_addr
       0        0       60     1         /var/folders/gt/4b4y5qgn4cx7h6s1nwxzf4hw0000gn/T/kernel-6b0387.o:(.debug_addr)
       0        0        0     1                 $d
       8        8        0     1                 .L0 
      60       60       60     1         /var/folders/gt/4b4y5qgn4cx7h6s1nwxzf4hw0000gn/T/common-b1b442.o:(.debug_addr)
      60       60        0     1                 $d
      68       68        0     1                 .L0 
       0        0       3b     1 .comment
       0        0       3b     1         <internal>:(.comment)
       0        0       34     1 .riscv.attributes
       0        0       34     1         <internal>:(.riscv.attributes)
       0        0      118     4 .debug_frame
       0        0       94     4         /var/folders/gt/4b4y5qgn4cx7h6s1nwxzf4hw0000gn/T/kernel-6b0387.o:(.debug_frame)
       0        0        0     1                 .L0 
       0        0        0     1                 $d
      94       94       84     4         /var/folders/gt/4b4y5qgn4cx7h6s1nwxzf4hw0000gn/T/common-b1b442.o:(.debug_frame)
      94       94        0     1                 .L0 
      94       94        0     1                 $d
       0        0      548     1 .debug_line
       0        0      174     1         /var/folders/gt/4b4y5qgn4cx7h6s1nwxzf4hw0000gn/T/kernel-6b0387.o:(.debug_line)
       0        0        0     1                 .Lline_table_start0
       0        0        0     1                 $d
     174      174      3d4     1         /var/folders/gt/4b4y5qgn4cx7h6s1nwxzf4hw0000gn/T/common-b1b442.o:(.debug_line)
     174      174        0     1                 .Lline_table_start0
     174      174        0     1                 $d
       0        0       5a     1 .debug_line_str
       0        0       5a     1         <internal>:(.debug_line_str)
       0        0      2f0     4 .symtab
       0        0      2f0     4         <internal>:(.symtab)
       0        0       d6     1 .shstrtab
       0        0       d6     1         <internal>:(.shstrtab)
       0        0       e9     1 .strtab
       0        0       e9     1         <internal>:(.strtab)
