     VMA      LMA     Size Align Out     In      Symbol
       0        0 80200000     1 . = 0x80200000
80200000 80200000      288     2 .text
80200000 80200000        e     2         /var/folders/gt/4b4y5qgn4cx7h6s1nwxzf4hw0000gn/T/kernel-4ef671.o:(.text.boot)
80200000 80200000        0     1                 .L0 
80200000 80200000        0     1                 .L0 
80200000 80200000        0     1                 $x
80200000 80200000        0     1                 .L0 
80200000 80200000        e     1                 boot
8020000e 8020000e        0     1                 .L0 
8020000e 8020000e        0     1                 .L0 
8020000e 8020000e       d4     2         /var/folders/gt/4b4y5qgn4cx7h6s1nwxzf4hw0000gn/T/kernel-4ef671.o:(.text)
8020000e 8020000e        0     1                 .L0 
8020000e 8020000e        0     1                 .L0 
8020000e 8020000e        0     1                 $x
8020000e 8020000e        0     1                 .L0 
8020000e 8020000e        6     1                 sbi_call
80200012 80200012        0     1                 .L0 
80200014 80200014        0     1                 .L0 
80200014 80200014        0     1                 .L0 
80200014 80200014        0     1                 .L0 
80200014 80200014       14     1                 putchar
80200026 80200026        0     1                 .L0 
80200028 80200028        0     1                 .L0 
80200028 80200028        0     1                 .L0 
80200028 80200028        0     1                 .L0 
80200028 80200028       28     1                 puts
8020002a 8020002a        0     1                 .L0 
8020002e 8020002e        0     1                 .L0 
80200040 80200040        0     1                 .L0 
80200040 80200040        0     1                 .L0 
80200040 80200040        0     1                 .L0 
80200046 80200046        0     1                 .L0 
80200046 80200046        0     1                 .L0 
8020004a 8020004a        0     1                 .L0 
8020004c 8020004c        0     1                 .L0 
8020004e 8020004e        0     1                 .L0 
8020004e 8020004e        0     1                 .L0 
80200050 80200050        0     1                 .L0 
80200050 80200050        0     1                 .L0 
80200050 80200050        0     1                 .L0 
80200050 80200050        0     1                 .L0 
80200050 80200050        0     1                 .L0 
80200050 80200050       16     1                 memset
80200054 80200054        0     1                 .L0 
80200054 80200054        0     1                 .L0 
80200056 80200056        0     1                 .L0 
80200056 80200056        0     1                 .L0 
80200056 80200056        0     1                 .L0 
8020005a 8020005a        0     1                 .L0 
8020005a 8020005a        0     1                 .L0 
8020005e 8020005e        0     1                 .L0 
80200060 80200060        0     1                 .L0 
80200060 80200060        0     1                 .L0 
80200064 80200064        0     1                 .L0 
80200064 80200064        0     1                 .L0 
80200064 80200064        0     1                 .L0 
80200066 80200066        0     1                 .L0 
80200066 80200066        0     1                 .L0 
80200066 80200066        0     1                 .L0 
80200066 80200066        0     1                 .L0 
80200066 80200066        0     1                 .L0 
80200066 80200066       7c     1                 kernel_main
8020006a 8020006a        0     1                 .L0 
8020006a 8020006a        0     1                 .L0 
80200072 80200072        0     1                 .L0 
8020007e 8020007e        0     1                 .L0 
80200080 80200080        0     1                 .L0 
80200080 80200080        0     1                 .L0 
80200080 80200080        0     1                 .L0 
80200084 80200084        0     1                 .L0 
80200084 80200084        0     1                 .L0 
8020008a 8020008a        0     1                 .L0 
8020008a 8020008a        0     1                 .L0 
8020008e 8020008e        0     1                 .L0 
8020008e 8020008e        0     1                 .L0 
8020008e 8020008e        0     1                 .L0 
802000aa 802000aa        0     1                 .L0 
802000aa 802000aa        0     1                 .L0 
802000aa 802000aa        0     1                 .L0 
802000b0 802000b0        0     1                 .L0 
802000b0 802000b0        0     1                 .L0 
802000b4 802000b4        0     1                 .L0 
802000b6 802000b6        0     1                 .L0 
802000ba 802000ba        0     1                 .L0 
802000ba 802000ba        0     1                 .L0 
802000cc 802000cc        0     1                 .L0 
802000cc 802000cc        0     1                 .L0 
802000e0 802000e0        0     1                 .L0 
802000e0 802000e0        0     1                 .L0 
802000e0 802000e0        0     1                 .L0 
802000e2 802000e2        0     1                 .L0 
802000e2 802000e2        0     1                 .L0 
802000e2 802000e2      1a6     2         /var/folders/gt/4b4y5qgn4cx7h6s1nwxzf4hw0000gn/T/common-f5c54d.o:(.text)
802000e2 802000e2        0     1                 .L0 
802000e2 802000e2        0     1                 .L0 
802000e2 802000e2        0     1                 $x
802000e2 802000e2        0     1                 .L0 
802000e2 802000e2      1a6     1                 printf
80200110 80200110        0     1                 .L0 
80200138 80200138        0     1                 .L0 
80200138 80200138        0     1                 .L0 
8020013c 8020013c        0     1                 .L0 
8020013c 8020013c        0     1                 .L0 
8020013e 8020013e        0     1                 .L0 
8020013e 8020013e        0     1                 .L0 
80200142 80200142        0     1                 .L0 
8020014a 8020014a        0     1                 .L0 
8020014a 8020014a        0     1                 .L0 
8020014c 8020014c        0     1                 .L0 
8020014c 8020014c        0     1                 .L0 
8020014e 8020014e        0     1                 .L0 
80200150 80200150        0     1                 .L0 
80200150 80200150        0     1                 .L0 
80200154 80200154        0     1                 .L0 
80200156 80200156        0     1                 .L0 
80200166 80200166        0     1                 .L0 
80200166 80200166        0     1                 .L0 
80200172 80200172        0     1                 .L0 
80200172 80200172        0     1                 .L0 
80200176 80200176        0     1                 .L0 
80200176 80200176        0     1                 .L0 
80200178 80200178        0     1                 .L0 
8020017e 8020017e        0     1                 .L0 
8020017e 8020017e        0     1                 .L0 
8020017e 8020017e        0     1                 .L0 
80200186 80200186        0     1                 .L0 
80200186 80200186        0     1                 .L0 
80200190 80200190        0     1                 .L0 
80200190 80200190        0     1                 .L0 
80200194 80200194        0     1                 .L0 
80200194 80200194        0     1                 .L0 
80200196 80200196        0     1                 .L0 
8020019a 8020019a        0     1                 .L0 
8020019c 8020019c        0     1                 .L0 
8020019c 8020019c        0     1                 .L0 
802001a2 802001a2        0     1                 .L0 
802001a2 802001a2        0     1                 .L0 
802001a4 802001a4        0     1                 .L0 
802001a8 802001a8        0     1                 .L0 
802001aa 802001aa        0     1                 .L0 
802001aa 802001aa        0     1                 .L0 
802001b0 802001b0        0     1                 .L0 
802001b0 802001b0        0     1                 .L0 
802001b2 802001b2        0     1                 .L0 
802001b6 802001b6        0     1                 .L0 
802001b8 802001b8        0     1                 .L0 
802001b8 802001b8        0     1                 .L0 
802001be 802001be        0     1                 .L0 
802001be 802001be        0     1                 .L0 
802001c0 802001c0        0     1                 .L0 
802001c4 802001c4        0     1                 .L0 
802001c6 802001c6        0     1                 .L0 
802001c6 802001c6        0     1                 .L0 
802001cc 802001cc        0     1                 .L0 
802001cc 802001cc        0     1                 .L0 
802001ce 802001ce        0     1                 .L0 
802001d2 802001d2        0     1                 .L0 
802001d4 802001d4        0     1                 .L0 
802001d4 802001d4        0     1                 .L0 
802001da 802001da        0     1                 .L0 
802001da 802001da        0     1                 .L0 
802001dc 802001dc        0     1                 .L0 
802001e0 802001e0        0     1                 .L0 
802001e2 802001e2        0     1                 .L0 
802001e2 802001e2        0     1                 .L0 
802001e8 802001e8        0     1                 .L0 
802001e8 802001e8        0     1                 .L0 
802001ea 802001ea        0     1                 .L0 
802001ee 802001ee        0     1                 .L0 
802001f0 802001f0        0     1                 .L0 
802001f0 802001f0        0     1                 .L0 
802001f2 802001f2        0     1                 .L0 
802001f2 802001f2        0     1                 .L0 
802001f4 802001f4        0     1                 .L0 
802001f8 802001f8        0     1                 .L0 
802001f8 802001f8        0     1                 .L0 
802001fa 802001fa        0     1                 .L0 
802001fa 802001fa        0     1                 .L0 
802001fc 802001fc        0     1                 .L0 
802001fe 802001fe        0     1                 .L0 
802001fe 802001fe        0     1                 .L0 
802001fe 802001fe        0     1                 .L0 
80200208 80200208        0     1                 .L0 
80200208 80200208        0     1                 .L0 
8020020c 8020020c        0     1                 .L0 
80200212 80200212        0     1                 .L0 
80200212 80200212        0     1                 .L0 
80200212 80200212        0     1                 .L0 
80200218 80200218        0     1                 .L0 
80200218 80200218        0     1                 .L0 
8020021c 8020021c        0     1                 .L0 
8020021e 8020021e        0     1                 .L0 
80200222 80200222        0     1                 .L0 
80200222 80200222        0     1                 .L0 
80200222 80200222        0     1                 .L0 
80200228 80200228        0     1                 .L0 
80200228 80200228        0     1                 .L0 
8020022c 8020022c        0     1                 .L0 
8020022c 8020022c        0     1                 .L0 
8020022e 8020022e        0     1                 .L0 
80200232 80200232        0     1                 .L0 
80200232 80200232        0     1                 .L0 
80200234 80200234        0     1                 .L0 
80200234 80200234        0     1                 .L0 
80200234 80200234        0     1                 .L0 
80200238 80200238        0     1                 .L0 
8020023c 8020023c        0     1                 .L0 
80200240 80200240        0     1                 .L0 
80200240 80200240        0     1                 .L0 
80200240 80200240        0     1                 .L0 
80200242 80200242        0     1                 .L0 
80200242 80200242        0     1                 .L0 
80200246 80200246        0     1                 .L0 
8020024a 8020024a        0     1                 .L0 
80200250 80200250        0     1                 .L0 
80200250 80200250        0     1                 .L0 
80200258 80200258        0     1                 .L0 
8020025e 8020025e        0     1                 .L0 
8020025e 8020025e        0     1                 .L0 
80200264 80200264        0     1                 .L0 
80200264 80200264        0     1                 .L0 
80200264 80200264        0     1                 .L0 
8020026a 8020026a        0     1                 .L0 
8020026a 8020026a        0     1                 .L0 
8020026a 8020026a        0     1                 .L0 
8020026e 8020026e        0     1                 .L0 
80200284 80200284        0     1                 .L0 
80200288 80200288        0     1                 .L0 
80200288 80200288        0     1                 .L0 
80200288 80200288       5e     4 .rodata
80200288 80200288       5e     1         <internal>:(.rodata.str1.1)
802002e8 802002e8        0     4 .bss
802002e8 802002e8        0     1         __bss = .
802002e8 802002e8        0     1         __bss_end = .
802002e8 802002e8        0     1 . = ALIGN ( 4 )
802002e8 802002e8    20000     1 . += 128 * 1024
802202e8 802202e8        0     1 __stack_top = .
       0        0      1fd     1 .debug_loclists
       0        0       d6     1         /var/folders/gt/4b4y5qgn4cx7h6s1nwxzf4hw0000gn/T/kernel-4ef671.o:(.debug_loclists)
       0        0        0     1                 $d
       c        c        0     1                 .L0 
      d6       d6      127     1         /var/folders/gt/4b4y5qgn4cx7h6s1nwxzf4hw0000gn/T/common-f5c54d.o:(.debug_loclists)
      d6       d6        0     1                 $d
      e2       e2        0     1                 .L0 
       0        0      272     1 .debug_abbrev
       0        0      17f     1         /var/folders/gt/4b4y5qgn4cx7h6s1nwxzf4hw0000gn/T/kernel-4ef671.o:(.debug_abbrev)
       0        0        0     1                 $d
     17f      17f       f3     1         /var/folders/gt/4b4y5qgn4cx7h6s1nwxzf4hw0000gn/T/common-f5c54d.o:(.debug_abbrev)
     17f      17f        0     1                 $d
       0        0      571     1 .debug_info
       0        0      432     1         /var/folders/gt/4b4y5qgn4cx7h6s1nwxzf4hw0000gn/T/kernel-4ef671.o:(.debug_info)
       0        0        0     1                 $d
     432      432      13f     1         /var/folders/gt/4b4y5qgn4cx7h6s1nwxzf4hw0000gn/T/common-f5c54d.o:(.debug_info)
     432      432        0     1                 $d
       0        0       33     1 .debug_rnglists
       0        0       18     1         /var/folders/gt/4b4y5qgn4cx7h6s1nwxzf4hw0000gn/T/kernel-4ef671.o:(.debug_rnglists)
       0        0        0     1                 $d
       c        c        0     1                 .L0 
      18       18       1b     1         /var/folders/gt/4b4y5qgn4cx7h6s1nwxzf4hw0000gn/T/common-f5c54d.o:(.debug_rnglists)
      18       18        0     1                 $d
      24       24        0     1                 .L0 
       0        0      108     1 .debug_str_offsets
       0        0       b4     1         /var/folders/gt/4b4y5qgn4cx7h6s1nwxzf4hw0000gn/T/kernel-4ef671.o:(.debug_str_offsets)
       0        0        0     1                 $d
       8        8        0     1                 .L0 
      b4       b4       54     1         /var/folders/gt/4b4y5qgn4cx7h6s1nwxzf4hw0000gn/T/common-f5c54d.o:(.debug_str_offsets)
      b4       b4        0     1                 $d
      bc       bc        0     1                 .L0 
       0        0      189     1 .debug_str
       0        0      189     1         <internal>:(.debug_str)
       0        0       94     1 .debug_addr
       0        0       44     1         /var/folders/gt/4b4y5qgn4cx7h6s1nwxzf4hw0000gn/T/kernel-4ef671.o:(.debug_addr)
       0        0        0     1                 $d
       8        8        0     1                 .L0 
      44       44       50     1         /var/folders/gt/4b4y5qgn4cx7h6s1nwxzf4hw0000gn/T/common-f5c54d.o:(.debug_addr)
      44       44        0     1                 $d
      4c       4c        0     1                 .L0 
       0        0       3b     1 .comment
       0        0       3b     1         <internal>:(.comment)
       0        0       34     1 .riscv.attributes
       0        0       34     1         <internal>:(.riscv.attributes)
       0        0       c0     4 .debug_frame
       0        0       7c     4         /var/folders/gt/4b4y5qgn4cx7h6s1nwxzf4hw0000gn/T/kernel-4ef671.o:(.debug_frame)
       0        0        0     1                 .L0 
       0        0        0     1                 $d
      7c       7c       44     4         /var/folders/gt/4b4y5qgn4cx7h6s1nwxzf4hw0000gn/T/common-f5c54d.o:(.debug_frame)
      7c       7c        0     1                 .L0 
      7c       7c        0     1                 $d
       0        0      406     1 .debug_line
       0        0      184     1         /var/folders/gt/4b4y5qgn4cx7h6s1nwxzf4hw0000gn/T/kernel-4ef671.o:(.debug_line)
       0        0        0     1                 .Lline_table_start0
       0        0        0     1                 $d
     184      184      282     1         /var/folders/gt/4b4y5qgn4cx7h6s1nwxzf4hw0000gn/T/common-f5c54d.o:(.debug_line)
     184      184        0     1                 .Lline_table_start0
     184      184        0     1                 $d
       0        0       5a     1 .debug_line_str
       0        0       5a     1         <internal>:(.debug_line_str)
       0        0      2a0     4 .symtab
       0        0      2a0     4         <internal>:(.symtab)
       0        0       d6     1 .shstrtab
       0        0       d6     1         <internal>:(.shstrtab)
       0        0       bb     1 .strtab
       0        0       bb     1         <internal>:(.strtab)
