     VMA      LMA     Size Align Out     In      Symbol
       0        0 80200000     1 . = 0x80200000
80200000 80200000      8a8     4 .text
80200000 80200000        e     2         /var/folders/gt/4b4y5qgn4cx7h6s1nwxzf4hw0000gn/T/kernel-046d4e.o:(.text.boot)
80200000 80200000        0     1                 .L0 
80200000 80200000        0     1                 .L0 
80200000 80200000        0     1                 $x
80200000 80200000        0     1                 .L0 
80200000 80200000        e     1                 boot
8020000e 8020000e        0     1                 .L0 
8020000e 8020000e        0     1                 .L0 
80200010 80200010      678     4         /var/folders/gt/4b4y5qgn4cx7h6s1nwxzf4hw0000gn/T/kernel-046d4e.o:(.text)
80200010 80200010        0     1                 .L0 
80200010 80200010        0     1                 .L0 
80200010 80200010        0     1                 $x
80200010 80200010        0     1                 .L0 
80200010 80200010        6     1                 sbi_call
80200014 80200014        0     1                 .L0 
80200016 80200016        0     1                 .L0 
80200016 80200016        0     1                 .L0 
80200016 80200016        0     1                 .L0 
80200016 80200016       14     1                 putchar
80200028 80200028        0     1                 .L0 
8020002a 8020002a        0     1                 .L0 
8020002a 8020002a        0     1                 .L0 
8020002a 8020002a        0     1                 .L0 
8020002a 8020002a       28     1                 puts
8020002c 8020002c        0     1                 .L0 
80200030 80200030        0     1                 .L0 
80200042 80200042        0     1                 .L0 
80200042 80200042        0     1                 .L0 
80200042 80200042        0     1                 .L0 
80200048 80200048        0     1                 .L0 
80200048 80200048        0     1                 .L0 
8020004c 8020004c        0     1                 .L0 
8020004e 8020004e        0     1                 .L0 
80200050 80200050        0     1                 .L0 
80200050 80200050        0     1                 .L0 
80200052 80200052        0     1                 .L0 
80200052 80200052        0     1                 .L0 
80200054 80200054        0     1                 .L0 
80200054 80200054        0     1                 .L0 
80200054 80200054        0     1                 .L0 
80200054 80200054       90     1                 kernel_entry
802000e4 802000e4        0     1                 .L0 
802000e4 802000e4        0     1                 .L0 
802000e4 802000e4        0     1                 .L0 
802000e4 802000e4        0     1                 .L0 
802000e4 802000e4        0     1                 .L0 
802000e4 802000e4       28     1                 handle_trap
802000e8 802000e8        0     1                 .L0 
802000e8 802000e8        0     1                 .L0 
802000ec 802000ec        0     1                 .L0 
802000ec 802000ec        0     1                 .L0 
802000f0 802000f0        0     1                 .L0 
802000f0 802000f0        0     1                 .L0 
802000f4 802000f4        0     1                 .L0 
802000f4 802000f4        0     1                 .L0 
802000f8 802000f8        0     1                 .L0 
8020010a 8020010a        0     1                 .L0 
8020010a 8020010a        0     1                 .L0 
8020010c 8020010c        0     1                 .L0 
8020010c 8020010c        0     1                 .L0 
8020010c 8020010c        0     1                 .L0 
8020010c 8020010c        0     1                 .L0 
8020010c 8020010c        0     1                 .L0 
8020010c 8020010c       4e     1                 alloc_pages
80200112 80200112        0     1                 .L0 
8020011a 8020011a        0     1                 .L0 
8020011a 8020011a        0     1                 .L0 
8020011e 8020011e        0     1                 .L0 
80200122 80200122        0     1                 .L0 
80200122 80200122        0     1                 .L0 
8020012a 8020012a        0     1                 .L0 
8020012e 8020012e        0     1                 .L0 
80200132 80200132        0     1                 .L0 
80200148 80200148        0     1                 .L0 
80200148 80200148        0     1                 .L0 
8020014a 8020014a        0     1                 .L0 
8020014a 8020014a        0     1                 .L0 
80200150 80200150        0     1                 .L0 
80200150 80200150        0     1                 .L0 
80200156 80200156        0     1                 .L0 
80200156 80200156        0     1                 .L0 
8020015a 8020015a        0     1                 .L0 
8020015a 8020015a        0     1                 .L0 
8020015a 8020015a        0     1                 .L0 
8020015a 8020015a        0     1                 .L0 
8020015a 8020015a        0     1                 .L0 
8020015a 8020015a       46     1                 switch_context
802001a0 802001a0        0     1                 .L0 
802001a0 802001a0        0     1                 .L0 
802001a0 802001a0        0     1                 .L0 
802001a0 802001a0       fa     1                 create_process
802001aa 802001aa        0     1                 .L0 
802001aa 802001aa        0     1                 .L0 
802001ae 802001ae        0     1                 .L0 
802001b0 802001b0        0     1                 .L0 
802001b0 802001b0        0     1                 .L0 
802001b8 802001b8        0     1                 .L0 
802001ba 802001ba        0     1                 .L0 
802001ba 802001ba        0     1                 .L0 
802001c2 802001c2        0     1                 .L0 
802001c4 802001c4        0     1                 .L0 
802001c4 802001c4        0     1                 .L0 
802001cc 802001cc        0     1                 .L0 
802001ce 802001ce        0     1                 .L0 
802001ce 802001ce        0     1                 .L0 
802001d6 802001d6        0     1                 .L0 
802001d8 802001d8        0     1                 .L0 
802001d8 802001d8        0     1                 .L0 
802001e0 802001e0        0     1                 .L0 
802001e2 802001e2        0     1                 .L0 
802001e2 802001e2        0     1                 .L0 
802001ea 802001ea        0     1                 .L0 
802001ec 802001ec        0     1                 .L0 
802001ec 802001ec        0     1                 .L0 
802001f4 802001f4        0     1                 .L0 
802001f8 802001f8        0     1                 .L0 
802001fa 802001fa        0     1                 .L0 
802001fa 802001fa        0     1                 .L0 
802001fe 802001fe        0     1                 .L0 
80200210 80200210        0     1                 .L0 
80200210 80200210        0     1                 .L0 
80200214 80200214        0     1                 .L0 
80200214 80200214        0     1                 .L0 
80200216 80200216        0     1                 .L0 
80200216 80200216        0     1                 .L0 
80200216 80200216        0     1                 .L0 
8020021e 8020021e        0     1                 .L0 
8020021e 8020021e        0     1                 .L0 
80200224 80200224        0     1                 .L0 
80200226 80200226        0     1                 .L0 
80200226 80200226        0     1                 .L0 
80200226 80200226        0     1                 .L0 
8020022e 8020022e        0     1                 .L0 
80200230 80200230        0     1                 .L0 
80200230 80200230        0     1                 .L0 
80200230 80200230        0     1                 .L0 
80200238 80200238        0     1                 .L0 
8020023a 8020023a        0     1                 .L0 
8020023a 8020023a        0     1                 .L0 
8020023a 8020023a        0     1                 .L0 
80200242 80200242        0     1                 .L0 
80200244 80200244        0     1                 .L0 
80200244 80200244        0     1                 .L0 
80200244 80200244        0     1                 .L0 
8020024c 8020024c        0     1                 .L0 
8020024e 8020024e        0     1                 .L0 
8020024e 8020024e        0     1                 .L0 
8020024e 8020024e        0     1                 .L0 
80200256 80200256        0     1                 .L0 
80200256 80200256        0     1                 .L0 
8020025c 8020025c        0     1                 .L0 
8020025e 8020025e        0     1                 .L0 
8020025e 8020025e        0     1                 .L0 
80200262 80200262        0     1                 .L0 
80200262 80200262        0     1                 .L0 
80200266 80200266        0     1                 .L0 
80200266 80200266        0     1                 .L0 
8020026a 8020026a        0     1                 .L0 
8020026a 8020026a        0     1                 .L0 
8020026e 8020026e        0     1                 .L0 
8020026e 8020026e        0     1                 .L0 
80200272 80200272        0     1                 .L0 
80200272 80200272        0     1                 .L0 
80200276 80200276        0     1                 .L0 
80200276 80200276        0     1                 .L0 
8020027a 8020027a        0     1                 .L0 
8020027a 8020027a        0     1                 .L0 
8020027e 8020027e        0     1                 .L0 
8020027e 8020027e        0     1                 .L0 
80200282 80200282        0     1                 .L0 
80200282 80200282        0     1                 .L0 
80200286 80200286        0     1                 .L0 
80200286 80200286        0     1                 .L0 
8020028a 8020028a        0     1                 .L0 
8020028a 8020028a        0     1                 .L0 
8020028e 8020028e        0     1                 .L0 
8020028e 8020028e        0     1                 .L0 
80200290 80200290        0     1                 .L0 
80200292 80200292        0     1                 .L0 
80200294 80200294        0     1                 .L0 
80200296 80200296        0     1                 .L0 
80200298 80200298        0     1                 .L0 
8020029a 8020029a        0     1                 .L0 
8020029a 8020029a        0     1                 .L0 
8020029a 8020029a        0     1                 .L0 
8020029a 8020029a        0     1                 .L0 
8020029a 8020029a        0     1                 .L0 
8020029a 8020029a       10     1                 delay
802002a2 802002a2        0     1                 .L0 
802002a2 802002a2        0     1                 .L0 
802002a2 802002a2        0     1                 .L0 
802002a4 802002a4        0     1                 .L0 
802002a4 802002a4        0     1                 .L0 
802002a6 802002a6        0     1                 .L0 
802002a6 802002a6        0     1                 .L0 
802002a8 802002a8        0     1                 .L0 
802002a8 802002a8        0     1                 .L0 
802002aa 802002aa        0     1                 .L0 
802002aa 802002aa        0     1                 .L0 
802002aa 802002aa        0     1                 .L0 
802002aa 802002aa        0     1                 .L0 
802002aa 802002aa        0     1                 .L0 
802002aa 802002aa       52     1                 proc_a_entry
802002b4 802002b4        0     1                 .L0 
802002be 802002be        0     1                 .L0 
802002be 802002be        0     1                 .L0 
802002ce 802002ce        0     1                 .L0 
802002ce 802002ce        0     1                 .L0 
802002ce 802002ce        0     1                 .L0 
802002e4 802002e4        0     1                 .L0 
802002e4 802002e4        0     1                 .L0 
802002e8 802002e8        0     1                 .L0 
802002ec 802002ec        0     1                 .L0 
802002ee 802002ee        0     1                 .L0 
802002f0 802002f0        0     1                 .L0 
802002f2 802002f2        0     1                 .L0 
802002f2 802002f2        0     1                 .L0 
802002f4 802002f4        0     1                 .L0 
802002f4 802002f4        0     1                 .L0 
802002f4 802002f4        0     1                 .L0 
802002f6 802002f6        0     1                 .L0 
802002f6 802002f6        0     1                 .L0 
802002f8 802002f8        0     1                 .L0 
802002f8 802002f8        0     1                 .L0 
802002fc 802002fc        0     1                 .L0 
802002fc 802002fc        0     1                 .L0 
802002fc 802002fc        0     1                 .L0 
802002fc 802002fc        0     1                 .L0 
802002fc 802002fc        0     1                 .L0 
802002fc 802002fc        0     1                 .L0 
802002fc 802002fc       52     1                 proc_b_entry
80200306 80200306        0     1                 .L0 
80200310 80200310        0     1                 .L0 
80200310 80200310        0     1                 .L0 
80200320 80200320        0     1                 .L0 
80200320 80200320        0     1                 .L0 
80200320 80200320        0     1                 .L0 
80200336 80200336        0     1                 .L0 
80200336 80200336        0     1                 .L0 
8020033a 8020033a        0     1                 .L0 
8020033e 8020033e        0     1                 .L0 
80200340 80200340        0     1                 .L0 
80200342 80200342        0     1                 .L0 
80200344 80200344        0     1                 .L0 
80200344 80200344        0     1                 .L0 
80200346 80200346        0     1                 .L0 
80200346 80200346        0     1                 .L0 
80200346 80200346        0     1                 .L0 
80200348 80200348        0     1                 .L0 
80200348 80200348        0     1                 .L0 
8020034a 8020034a        0     1                 .L0 
8020034a 8020034a        0     1                 .L0 
8020034e 8020034e        0     1                 .L0 
8020034e 8020034e        0     1                 .L0 
8020034e 8020034e        0     1                 .L0 
8020034e 8020034e        0     1                 .L0 
8020034e 8020034e        0     1                 .L0 
8020034e 8020034e        0     1                 .L0 
8020034e 8020034e      33a     1                 kernel_main
8020035a 8020035a        0     1                 .L0 
80200370 80200370        0     1                 .L0 
80200370 80200370        0     1                 .L0 
8020038c 8020038c        0     1                 .L0 
8020038c 8020038c        0     1                 .L0 
8020038c 8020038c        0     1                 .L0 
80200392 80200392        0     1                 .L0 
80200392 80200392        0     1                 .L0 
80200396 80200396        0     1                 .L0 
80200398 80200398        0     1                 .L0 
8020039c 8020039c        0     1                 .L0 
8020039c 8020039c        0     1                 .L0 
802003ae 802003ae        0     1                 .L0 
802003ae 802003ae        0     1                 .L0 
802003c2 802003c2        0     1                 .L0 
802003c2 802003c2        0     1                 .L0 
802003ca 802003ca        0     1                 .L0 
802003ca 802003ca        0     1                 .L0 
802003cc 802003cc        0     1                 .L0 
802003ce 802003ce        0     1                 .L0 
802003d6 802003d6        0     1                 .L0 
802003da 802003da        0     1                 .L0 
802003de 802003de        0     1                 .L0 
802003f4 802003f4        0     1                 .L0 
802003f4 802003f4        0     1                 .L0 
802003f6 802003f6        0     1                 .L0 
802003f6 802003f6        0     1                 .L0 
802003fe 802003fe        0     1                 .L0 
802003fe 802003fe        0     1                 .L0 
80200402 80200402        0     1                 .L0 
80200402 80200402        0     1                 .L0 
80200404 80200404        0     1                 .L0 
8020040a 8020040a        0     1                 .L0 
8020040e 8020040e        0     1                 .L0 
8020040e 8020040e        0     1                 .L0 
80200424 80200424        0     1                 .L0 
80200424 80200424        0     1                 .L0 
80200426 80200426        0     1                 .L0 
80200426 80200426        0     1                 .L0 
8020042e 8020042e        0     1                 .L0 
8020042e 8020042e        0     1                 .L0 
8020043a 8020043a        0     1                 .L0 
8020043a 8020043a        0     1                 .L0 
80200446 80200446        0     1                 .L0 
80200446 80200446        0     1                 .L0 
8020044e 8020044e        0     1                 .L0 
80200452 80200452        0     1                 .L0 
80200452 80200452        0     1                 .L0 
80200456 80200456        0     1                 .L0 
8020045e 8020045e        0     1                 .L0 
80200462 80200462        0     1                 .L0 
80200464 80200464        0     1                 .L0 
80200464 80200464        0     1                 .L0 
80200474 80200474        0     1                 .L0 
80200476 80200476        0     1                 .L0 
80200476 80200476        0     1                 .L0 
8020047e 8020047e        0     1                 .L0 
80200480 80200480        0     1                 .L0 
80200480 80200480        0     1                 .L0 
80200488 80200488        0     1                 .L0 
8020048a 8020048a        0     1                 .L0 
8020048a 8020048a        0     1                 .L0 
80200492 80200492        0     1                 .L0 
80200494 80200494        0     1                 .L0 
80200494 80200494        0     1                 .L0 
8020049c 8020049c        0     1                 .L0 
8020049e 8020049e        0     1                 .L0 
8020049e 8020049e        0     1                 .L0 
802004a6 802004a6        0     1                 .L0 
802004a8 802004a8        0     1                 .L0 
802004a8 802004a8        0     1                 .L0 
802004b0 802004b0        0     1                 .L0 
802004b2 802004b2        0     1                 .L0 
802004b2 802004b2        0     1                 .L0 
802004c8 802004c8        0     1                 .L0 
802004c8 802004c8        0     1                 .L0 
802004ca 802004ca        0     1                 .L0 
802004ca 802004ca        0     1                 .L0 
802004ca 802004ca        0     1                 .L0 
802004d2 802004d2        0     1                 .L0 
802004d2 802004d2        0     1                 .L0 
802004d8 802004d8        0     1                 .L0 
802004da 802004da        0     1                 .L0 
802004da 802004da        0     1                 .L0 
802004da 802004da        0     1                 .L0 
802004e2 802004e2        0     1                 .L0 
802004e4 802004e4        0     1                 .L0 
802004e4 802004e4        0     1                 .L0 
802004e4 802004e4        0     1                 .L0 
802004ec 802004ec        0     1                 .L0 
802004ee 802004ee        0     1                 .L0 
802004ee 802004ee        0     1                 .L0 
802004ee 802004ee        0     1                 .L0 
802004f6 802004f6        0     1                 .L0 
802004f8 802004f8        0     1                 .L0 
802004f8 802004f8        0     1                 .L0 
802004f8 802004f8        0     1                 .L0 
80200500 80200500        0     1                 .L0 
80200502 80200502        0     1                 .L0 
80200502 80200502        0     1                 .L0 
80200502 80200502        0     1                 .L0 
8020050a 8020050a        0     1                 .L0 
8020050a 8020050a        0     1                 .L0 
80200510 80200510        0     1                 .L0 
80200514 80200514        0     1                 .L0 
80200514 80200514        0     1                 .L0 
80200518 80200518        0     1                 .L0 
80200518 80200518        0     1                 .L0 
8020051c 8020051c        0     1                 .L0 
8020051c 8020051c        0     1                 .L0 
80200520 80200520        0     1                 .L0 
80200520 80200520        0     1                 .L0 
80200524 80200524        0     1                 .L0 
80200524 80200524        0     1                 .L0 
80200528 80200528        0     1                 .L0 
80200528 80200528        0     1                 .L0 
8020052c 8020052c        0     1                 .L0 
8020052c 8020052c        0     1                 .L0 
80200530 80200530        0     1                 .L0 
80200530 80200530        0     1                 .L0 
80200534 80200534        0     1                 .L0 
80200534 80200534        0     1                 .L0 
80200538 80200538        0     1                 .L0 
80200538 80200538        0     1                 .L0 
8020053c 8020053c        0     1                 .L0 
8020053c 8020053c        0     1                 .L0 
80200540 80200540        0     1                 .L0 
80200540 80200540        0     1                 .L0 
80200544 80200544        0     1                 .L0 
80200544 80200544        0     1                 .L0 
80200548 80200548        0     1                 .L0 
8020054e 8020054e        0     1                 .L0 
80200550 80200550        0     1                 .L0 
80200550 80200550        0     1                 .L0 
80200552 80200552        0     1                 .L0 
80200552 80200552        0     1                 .L0 
80200554 80200554        0     1                 .L0 
80200556 80200556        0     1                 .L0 
80200556 80200556        0     1                 .L0 
8020055a 8020055a        0     1                 .L0 
80200560 80200560        0     1                 .L0 
80200560 80200560        0     1                 .L0 
80200568 80200568        0     1                 .L0 
80200570 80200570        0     1                 .L0 
80200572 80200572        0     1                 .L0 
80200572 80200572        0     1                 .L0 
8020057a 8020057a        0     1                 .L0 
8020057c 8020057c        0     1                 .L0 
8020057c 8020057c        0     1                 .L0 
80200584 80200584        0     1                 .L0 
80200586 80200586        0     1                 .L0 
80200586 80200586        0     1                 .L0 
8020058e 8020058e        0     1                 .L0 
80200590 80200590        0     1                 .L0 
80200590 80200590        0     1                 .L0 
80200598 80200598        0     1                 .L0 
8020059a 8020059a        0     1                 .L0 
8020059a 8020059a        0     1                 .L0 
802005a2 802005a2        0     1                 .L0 
802005a4 802005a4        0     1                 .L0 
802005a4 802005a4        0     1                 .L0 
802005ba 802005ba        0     1                 .L0 
802005ba 802005ba        0     1                 .L0 
802005bc 802005bc        0     1                 .L0 
802005bc 802005bc        0     1                 .L0 
802005bc 802005bc        0     1                 .L0 
802005c4 802005c4        0     1                 .L0 
802005c4 802005c4        0     1                 .L0 
802005ca 802005ca        0     1                 .L0 
802005cc 802005cc        0     1                 .L0 
802005cc 802005cc        0     1                 .L0 
802005cc 802005cc        0     1                 .L0 
802005d4 802005d4        0     1                 .L0 
802005d6 802005d6        0     1                 .L0 
802005d6 802005d6        0     1                 .L0 
802005d6 802005d6        0     1                 .L0 
802005de 802005de        0     1                 .L0 
802005e0 802005e0        0     1                 .L0 
802005e0 802005e0        0     1                 .L0 
802005e0 802005e0        0     1                 .L0 
802005e8 802005e8        0     1                 .L0 
802005ea 802005ea        0     1                 .L0 
802005ea 802005ea        0     1                 .L0 
802005ea 802005ea        0     1                 .L0 
802005f2 802005f2        0     1                 .L0 
802005f4 802005f4        0     1                 .L0 
802005f4 802005f4        0     1                 .L0 
802005f4 802005f4        0     1                 .L0 
802005fc 802005fc        0     1                 .L0 
802005fc 802005fc        0     1                 .L0 
802005fc 802005fc        0     1                 .L0 
802005fe 802005fe        0     1                 .L0 
802005fe 802005fe        0     1                 .L0 
80200602 80200602        0     1                 .L0 
80200602 80200602        0     1                 .L0 
80200606 80200606        0     1                 .L0 
80200606 80200606        0     1                 .L0 
8020060a 8020060a        0     1                 .L0 
8020060a 8020060a        0     1                 .L0 
8020060e 8020060e        0     1                 .L0 
8020060e 8020060e        0     1                 .L0 
80200612 80200612        0     1                 .L0 
80200612 80200612        0     1                 .L0 
80200616 80200616        0     1                 .L0 
80200616 80200616        0     1                 .L0 
8020061a 8020061a        0     1                 .L0 
8020061a 8020061a        0     1                 .L0 
8020061e 8020061e        0     1                 .L0 
8020061e 8020061e        0     1                 .L0 
80200622 80200622        0     1                 .L0 
80200622 80200622        0     1                 .L0 
80200626 80200626        0     1                 .L0 
80200626 80200626        0     1                 .L0 
8020062a 8020062a        0     1                 .L0 
8020062a 8020062a        0     1                 .L0 
8020062e 8020062e        0     1                 .L0 
8020062e 8020062e        0     1                 .L0 
80200638 80200638        0     1                 .L0 
8020063c 8020063c        0     1                 .L0 
8020063e 8020063e        0     1                 .L0 
80200640 80200640        0     1                 .L0 
80200640 80200640        0     1                 .L0 
80200644 80200644        0     1                 .L0 
80200648 80200648        0     1                 .L0 
80200648 80200648        0     1                 .L0 
8020064c 8020064c        0     1                 .L0 
80200652 80200652        0     1                 .L0 
80200652 80200652        0     1                 .L0 
8020065a 8020065a        0     1                 .L0 
8020065a 8020065a        0     1                 .L0 
8020065a 8020065a        0     1                 .L0 
80200670 80200670        0     1                 .L0 
80200670 80200670        0     1                 .L0 
80200674 80200674        0     1                 .L0 
80200678 80200678        0     1                 .L0 
8020067a 8020067a        0     1                 .L0 
8020067c 8020067c        0     1                 .L0 
8020067e 8020067e        0     1                 .L0 
8020067e 8020067e        0     1                 .L0 
80200680 80200680        0     1                 .L0 
80200680 80200680        0     1                 .L0 
80200680 80200680        0     1                 .L0 
80200682 80200682        0     1                 .L0 
80200682 80200682        0     1                 .L0 
80200684 80200684        0     1                 .L0 
80200684 80200684        0     1                 .L0 
80200688 80200688        0     1                 .L0 
80200688 80200688        0     1                 .L0 
80200688 80200688        0     1                 .L0 
80200688 80200688      220     2         /var/folders/gt/4b4y5qgn4cx7h6s1nwxzf4hw0000gn/T/common-c61dba.o:(.text)
80200688 80200688        0     1                 .L0 
80200688 80200688        0     1                 .L0 
80200688 80200688        0     1                 $x
80200688 80200688        0     1                 .L0 
80200688 80200688      1a6     1                 printf
802006b6 802006b6        0     1                 .L0 
802006de 802006de        0     1                 .L0 
802006de 802006de        0     1                 .L0 
802006e2 802006e2        0     1                 .L0 
802006e2 802006e2        0     1                 .L0 
802006e4 802006e4        0     1                 .L0 
802006e4 802006e4        0     1                 .L0 
802006e8 802006e8        0     1                 .L0 
802006f0 802006f0        0     1                 .L0 
802006f0 802006f0        0     1                 .L0 
802006f2 802006f2        0     1                 .L0 
802006f2 802006f2        0     1                 .L0 
802006f4 802006f4        0     1                 .L0 
802006f6 802006f6        0     1                 .L0 
802006f6 802006f6        0     1                 .L0 
802006fa 802006fa        0     1                 .L0 
802006fc 802006fc        0     1                 .L0 
8020070c 8020070c        0     1                 .L0 
8020070c 8020070c        0     1                 .L0 
80200718 80200718        0     1                 .L0 
80200718 80200718        0     1                 .L0 
8020071c 8020071c        0     1                 .L0 
8020071c 8020071c        0     1                 .L0 
8020071e 8020071e        0     1                 .L0 
80200724 80200724        0     1                 .L0 
80200724 80200724        0     1                 .L0 
80200724 80200724        0     1                 .L0 
8020072c 8020072c        0     1                 .L0 
8020072c 8020072c        0     1                 .L0 
80200736 80200736        0     1                 .L0 
80200736 80200736        0     1                 .L0 
8020073a 8020073a        0     1                 .L0 
8020073a 8020073a        0     1                 .L0 
8020073c 8020073c        0     1                 .L0 
80200740 80200740        0     1                 .L0 
80200742 80200742        0     1                 .L0 
80200742 80200742        0     1                 .L0 
80200748 80200748        0     1                 .L0 
80200748 80200748        0     1                 .L0 
8020074a 8020074a        0     1                 .L0 
8020074e 8020074e        0     1                 .L0 
80200750 80200750        0     1                 .L0 
80200750 80200750        0     1                 .L0 
80200756 80200756        0     1                 .L0 
80200756 80200756        0     1                 .L0 
80200758 80200758        0     1                 .L0 
8020075c 8020075c        0     1                 .L0 
8020075e 8020075e        0     1                 .L0 
8020075e 8020075e        0     1                 .L0 
80200764 80200764        0     1                 .L0 
80200764 80200764        0     1                 .L0 
80200766 80200766        0     1                 .L0 
8020076a 8020076a        0     1                 .L0 
8020076c 8020076c        0     1                 .L0 
8020076c 8020076c        0     1                 .L0 
80200772 80200772        0     1                 .L0 
80200772 80200772        0     1                 .L0 
80200774 80200774        0     1                 .L0 
80200778 80200778        0     1                 .L0 
8020077a 8020077a        0     1                 .L0 
8020077a 8020077a        0     1                 .L0 
80200780 80200780        0     1                 .L0 
80200780 80200780        0     1                 .L0 
80200782 80200782        0     1                 .L0 
80200786 80200786        0     1                 .L0 
80200788 80200788        0     1                 .L0 
80200788 80200788        0     1                 .L0 
8020078e 8020078e        0     1                 .L0 
8020078e 8020078e        0     1                 .L0 
80200790 80200790        0     1                 .L0 
80200794 80200794        0     1                 .L0 
80200796 80200796        0     1                 .L0 
80200796 80200796        0     1                 .L0 
80200798 80200798        0     1                 .L0 
80200798 80200798        0     1                 .L0 
8020079a 8020079a        0     1                 .L0 
8020079e 8020079e        0     1                 .L0 
8020079e 8020079e        0     1                 .L0 
802007a0 802007a0        0     1                 .L0 
802007a0 802007a0        0     1                 .L0 
802007a2 802007a2        0     1                 .L0 
802007a4 802007a4        0     1                 .L0 
802007a4 802007a4        0     1                 .L0 
802007a4 802007a4        0     1                 .L0 
802007ae 802007ae        0     1                 .L0 
802007ae 802007ae        0     1                 .L0 
802007b2 802007b2        0     1                 .L0 
802007b8 802007b8        0     1                 .L0 
802007b8 802007b8        0     1                 .L0 
802007b8 802007b8        0     1                 .L0 
802007be 802007be        0     1                 .L0 
802007be 802007be        0     1                 .L0 
802007c2 802007c2        0     1                 .L0 
802007c4 802007c4        0     1                 .L0 
802007c8 802007c8        0     1                 .L0 
802007c8 802007c8        0     1                 .L0 
802007c8 802007c8        0     1                 .L0 
802007ce 802007ce        0     1                 .L0 
802007ce 802007ce        0     1                 .L0 
802007d2 802007d2        0     1                 .L0 
802007d2 802007d2        0     1                 .L0 
802007d4 802007d4        0     1                 .L0 
802007d8 802007d8        0     1                 .L0 
802007d8 802007d8        0     1                 .L0 
802007da 802007da        0     1                 .L0 
802007da 802007da        0     1                 .L0 
802007da 802007da        0     1                 .L0 
802007de 802007de        0     1                 .L0 
802007e2 802007e2        0     1                 .L0 
802007e6 802007e6        0     1                 .L0 
802007e6 802007e6        0     1                 .L0 
802007e6 802007e6        0     1                 .L0 
802007e8 802007e8        0     1                 .L0 
802007e8 802007e8        0     1                 .L0 
802007ec 802007ec        0     1                 .L0 
802007f0 802007f0        0     1                 .L0 
802007f6 802007f6        0     1                 .L0 
802007f6 802007f6        0     1                 .L0 
802007fe 802007fe        0     1                 .L0 
80200804 80200804        0     1                 .L0 
80200804 80200804        0     1                 .L0 
8020080a 8020080a        0     1                 .L0 
8020080a 8020080a        0     1                 .L0 
8020080a 8020080a        0     1                 .L0 
80200810 80200810        0     1                 .L0 
80200810 80200810        0     1                 .L0 
80200810 80200810        0     1                 .L0 
80200814 80200814        0     1                 .L0 
8020082a 8020082a        0     1                 .L0 
8020082e 8020082e        0     1                 .L0 
8020082e 8020082e        0     1                 .L0 
8020082e 8020082e        0     1                 .L0 
8020082e 8020082e        0     1                 .L0 
8020082e 8020082e        0     1                 .L0 
8020082e 8020082e       1c     1                 memcpy
80200832 80200832        0     1                 .L0 
80200832 80200832        0     1                 .L0 
80200834 80200834        0     1                 .L0 
80200834 80200834        0     1                 .L0 
80200834 80200834        0     1                 .L0 
80200838 80200838        0     1                 .L0 
8020083a 8020083a        0     1                 .L0 
8020083e 8020083e        0     1                 .L0 
8020083e 8020083e        0     1                 .L0 
80200842 80200842        0     1                 .L0 
80200844 80200844        0     1                 .L0 
80200844 80200844        0     1                 .L0 
80200848 80200848        0     1                 .L0 
80200848 80200848        0     1                 .L0 
80200848 80200848        0     1                 .L0 
8020084a 8020084a        0     1                 .L0 
8020084a 8020084a        0     1                 .L0 
8020084a 8020084a        0     1                 .L0 
8020084a 8020084a        0     1                 .L0 
8020084a 8020084a        0     1                 .L0 
8020084a 8020084a       16     1                 memset
8020084e 8020084e        0     1                 .L0 
8020084e 8020084e        0     1                 .L0 
80200850 80200850        0     1                 .L0 
80200850 80200850        0     1                 .L0 
80200850 80200850        0     1                 .L0 
80200854 80200854        0     1                 .L0 
80200854 80200854        0     1                 .L0 
80200858 80200858        0     1                 .L0 
8020085a 8020085a        0     1                 .L0 
8020085a 8020085a        0     1                 .L0 
8020085e 8020085e        0     1                 .L0 
8020085e 8020085e        0     1                 .L0 
8020085e 8020085e        0     1                 .L0 
80200860 80200860        0     1                 .L0 
80200860 80200860        0     1                 .L0 
80200860 80200860        0     1                 .L0 
80200860 80200860        0     1                 .L0 
80200860 80200860        0     1                 .L0 
80200860 80200860       24     1                 strcpy
80200866 80200866        0     1                 .L0 
8020086a 8020086a        0     1                 .L0 
8020086a 8020086a        0     1                 .L0 
8020086c 8020086c        0     1                 .L0 
8020086c 8020086c        0     1                 .L0 
8020086c 8020086c        0     1                 .L0 
80200870 80200870        0     1                 .L0 
80200874 80200874        0     1                 .L0 
80200878 80200878        0     1                 .L0 
80200878 80200878        0     1                 .L0 
8020087a 8020087a        0     1                 .L0 
8020087a 8020087a        0     1                 .L0 
8020087c 8020087c        0     1                 .L0 
8020087e 8020087e        0     1                 .L0 
8020087e 8020087e        0     1                 .L0 
8020087e 8020087e        0     1                 .L0 
80200882 80200882        0     1                 .L0 
80200884 80200884        0     1                 .L0 
80200884 80200884        0     1                 .L0 
80200884 80200884        0     1                 .L0 
80200884 80200884        0     1                 .L0 
80200884 80200884        0     1                 .L0 
80200884 80200884       24     1                 strcmp
80200888 80200888        0     1                 .L0 
8020088a 8020088a        0     1                 .L0 
8020088c 8020088c        0     1                 .L0 
8020088c 8020088c        0     1                 .L0 
8020088c 8020088c        0     1                 .L0 
80200890 80200890        0     1                 .L0 
80200894 80200894        0     1                 .L0 
80200894 80200894        0     1                 .L0 
80200898 80200898        0     1                 .L0 
8020089a 8020089a        0     1                 .L0 
8020089c 8020089c        0     1                 .L0 
8020089e 8020089e        0     1                 .L0 
8020089e 8020089e        0     1                 .L0 
802008a2 802008a2        0     1                 .L0 
802008a6 802008a6        0     1                 .L0 
802008a8 802008a8        0     1                 .L0 
802008a8 802008a8        0     1                 .L0 
802008a8 802008a8      160     4 .rodata
802008a8 802008a8      160     1         <internal>:(.rodata.str1.1)
80200a08 80200a08        4     4 .sdata
80200a08 80200a08        4     4         /var/folders/gt/4b4y5qgn4cx7h6s1nwxzf4hw0000gn/T/kernel-046d4e.o:(.sdata)
80200a08 80200a08        4     1                 alloc_pages.next_paddr
80200a08 80200a08        0     1                 $d
80200a0c 80200a0c    10068     4 .bss
80200a0c 80200a0c        0     1         __bss = .
80200a0c 80200a0c    10060     4         /var/folders/gt/4b4y5qgn4cx7h6s1nwxzf4hw0000gn/T/kernel-046d4e.o:(.bss)
80200a0c 80200a0c        0     1                 $d
80200a0c 80200a0c    10060     1                 procs
80210a6c 80210a6c        8     4         /var/folders/gt/4b4y5qgn4cx7h6s1nwxzf4hw0000gn/T/kernel-046d4e.o:(.sbss)
80210a6c 80210a6c        0     1                 $d
80210a6c 80210a6c        4     1                 proc_a
80210a70 80210a70        4     1                 proc_b
80210a74 80210a74        0     1         __bss_end = .
80210a74 80210a74        0     1 . = ALIGN ( 4 )
80210a74 80210a74    20000     1 . += 128 * 1024
80230a74 80230a74        0     1 __stack_top = .
80230a74 80230a74      58c     1 . = ALIGN ( 4096 )
80231000 80231000        0     1 __free_ram = .
80231000 80231000  4000000     1 . += 64 * 1024 * 1024
84231000 84231000        0     1 __free_ram_end = .
       0        0      78c     1 .debug_loclists
       0        0      5b2     1         /var/folders/gt/4b4y5qgn4cx7h6s1nwxzf4hw0000gn/T/kernel-046d4e.o:(.debug_loclists)
       0        0        0     1                 $d
       c        c        0     1                 .L0 
     5b2      5b2      1da     1         /var/folders/gt/4b4y5qgn4cx7h6s1nwxzf4hw0000gn/T/common-c61dba.o:(.debug_loclists)
     5b2      5b2        0     1                 $d
     5be      5be        0     1                 .L0 
       0        0      3d8     1 .debug_abbrev
       0        0      2ab     1         /var/folders/gt/4b4y5qgn4cx7h6s1nwxzf4hw0000gn/T/kernel-046d4e.o:(.debug_abbrev)
       0        0        0     1                 $d
     2ab      2ab      12d     1         /var/folders/gt/4b4y5qgn4cx7h6s1nwxzf4hw0000gn/T/common-c61dba.o:(.debug_abbrev)
     2ab      2ab        0     1                 $d
       0        0      cbf     1 .debug_info
       0        0      a81     1         /var/folders/gt/4b4y5qgn4cx7h6s1nwxzf4hw0000gn/T/kernel-046d4e.o:(.debug_info)
       0        0        0     1                 $d
     a81      a81      23e     1         /var/folders/gt/4b4y5qgn4cx7h6s1nwxzf4hw0000gn/T/common-c61dba.o:(.debug_info)
     a81      a81        0     1                 $d
       0        0       55     1 .debug_rnglists
       0        0       3a     1         /var/folders/gt/4b4y5qgn4cx7h6s1nwxzf4hw0000gn/T/kernel-046d4e.o:(.debug_rnglists)
       0        0        0     1                 $d
       c        c        0     1                 .L0 
      3a       3a       1b     1         /var/folders/gt/4b4y5qgn4cx7h6s1nwxzf4hw0000gn/T/common-c61dba.o:(.debug_rnglists)
      3a       3a        0     1                 $d
      46       46        0     1                 .L0 
       0        0      21c     1 .debug_str_offsets
       0        0      184     1         /var/folders/gt/4b4y5qgn4cx7h6s1nwxzf4hw0000gn/T/kernel-046d4e.o:(.debug_str_offsets)
       0        0        0     1                 $d
       8        8        0     1                 .L0 
     184      184       98     1         /var/folders/gt/4b4y5qgn4cx7h6s1nwxzf4hw0000gn/T/common-c61dba.o:(.debug_str_offsets)
     184      184        0     1                 $d
     18c      18c        0     1                 .L0 
       0        0      2eb     1 .debug_str
       0        0      2eb     1         <internal>:(.debug_str)
       0        0      164     1 .debug_addr
       0        0      104     1         /var/folders/gt/4b4y5qgn4cx7h6s1nwxzf4hw0000gn/T/kernel-046d4e.o:(.debug_addr)
       0        0        0     1                 $d
       8        8        0     1                 .L0 
     104      104       60     1         /var/folders/gt/4b4y5qgn4cx7h6s1nwxzf4hw0000gn/T/common-c61dba.o:(.debug_addr)
     104      104        0     1                 $d
     10c      10c        0     1                 .L0 
       0        0       3b     1 .comment
       0        0       3b     1         <internal>:(.comment)
       0        0       34     1 .riscv.attributes
       0        0       34     1         <internal>:(.riscv.attributes)
       0        0      1a8     4 .debug_frame
       0        0      124     4         /var/folders/gt/4b4y5qgn4cx7h6s1nwxzf4hw0000gn/T/kernel-046d4e.o:(.debug_frame)
       0        0        0     1                 .L0 
       0        0        0     1                 $d
     124      124       84     4         /var/folders/gt/4b4y5qgn4cx7h6s1nwxzf4hw0000gn/T/common-c61dba.o:(.debug_frame)
     124      124        0     1                 .L0 
     124      124        0     1                 $d
       0        0      b8f     1 .debug_line
       0        0      7bb     1         /var/folders/gt/4b4y5qgn4cx7h6s1nwxzf4hw0000gn/T/kernel-046d4e.o:(.debug_line)
       0        0        0     1                 .Lline_table_start0
       0        0        0     1                 $d
     7bb      7bb      3d4     1         /var/folders/gt/4b4y5qgn4cx7h6s1nwxzf4hw0000gn/T/common-c61dba.o:(.debug_line)
     7bb      7bb        0     1                 .Lline_table_start0
     7bb      7bb        0     1                 $d
       0        0       5a     1 .debug_line_str
       0        0       5a     1         <internal>:(.debug_line_str)
       0        0      3e0     4 .symtab
       0        0      3e0     4         <internal>:(.symtab)
       0        0       dd     1 .shstrtab
       0        0       dd     1         <internal>:(.shstrtab)
       0        0      181     1 .strtab
       0        0      181     1         <internal>:(.strtab)
