     VMA      LMA     Size Align Out     In      Symbol
       0        0 80200000     1 . = 0x80200000
80200000 80200000      48a     4 .text
80200000 80200000        e     2         /var/folders/gt/4b4y5qgn4cx7h6s1nwxzf4hw0000gn/T/kernel-6d5d71.o:(.text.boot)
80200000 80200000        0     1                 .L0 
80200000 80200000        0     1                 .L0 
80200000 80200000        0     1                 $x
80200000 80200000        0     1                 .L0 
80200000 80200000        e     1                 boot
8020000e 8020000e        0     1                 .L0 
8020000e 8020000e        0     1                 .L0 
80200010 80200010      25a     4         /var/folders/gt/4b4y5qgn4cx7h6s1nwxzf4hw0000gn/T/kernel-6d5d71.o:(.text)
80200010 80200010        0     1                 .L0 
80200010 80200010        0     1                 .L0 
80200010 80200010        0     1                 $x
80200010 80200010        0     1                 .L0 
80200010 80200010        6     1                 sbi_call
80200014 80200014        0     1                 .L0 
80200016 80200016        0     1                 .L0 
80200016 80200016        0     1                 .L0 
80200016 80200016        0     1                 .L0 
80200016 80200016       14     1                 putchar
80200028 80200028        0     1                 .L0 
8020002a 8020002a        0     1                 .L0 
8020002a 8020002a        0     1                 .L0 
8020002a 8020002a        0     1                 .L0 
8020002a 8020002a       28     1                 puts
8020002c 8020002c        0     1                 .L0 
80200030 80200030        0     1                 .L0 
80200042 80200042        0     1                 .L0 
80200042 80200042        0     1                 .L0 
80200042 80200042        0     1                 .L0 
80200048 80200048        0     1                 .L0 
80200048 80200048        0     1                 .L0 
8020004c 8020004c        0     1                 .L0 
8020004e 8020004e        0     1                 .L0 
80200050 80200050        0     1                 .L0 
80200050 80200050        0     1                 .L0 
80200052 80200052        0     1                 .L0 
80200052 80200052        0     1                 .L0 
80200054 80200054        0     1                 .L0 
80200054 80200054        0     1                 .L0 
80200054 80200054        0     1                 .L0 
80200054 80200054       90     1                 kernel_entry
802000e4 802000e4        0     1                 .L0 
802000e4 802000e4        0     1                 .L0 
802000e4 802000e4        0     1                 .L0 
802000e4 802000e4        0     1                 .L0 
802000e4 802000e4        0     1                 .L0 
802000e4 802000e4       28     1                 handle_trap
802000e8 802000e8        0     1                 .L0 
802000e8 802000e8        0     1                 .L0 
802000ec 802000ec        0     1                 .L0 
802000ec 802000ec        0     1                 .L0 
802000f0 802000f0        0     1                 .L0 
802000f0 802000f0        0     1                 .L0 
802000f4 802000f4        0     1                 .L0 
802000f4 802000f4        0     1                 .L0 
802000f8 802000f8        0     1                 .L0 
8020010a 8020010a        0     1                 .L0 
8020010a 8020010a        0     1                 .L0 
8020010c 8020010c        0     1                 .L0 
8020010c 8020010c        0     1                 .L0 
8020010c 8020010c        0     1                 .L0 
8020010c 8020010c        0     1                 .L0 
8020010c 8020010c        0     1                 .L0 
8020010c 8020010c       4e     1                 alloc_pages
80200112 80200112        0     1                 .L0 
8020011a 8020011a        0     1                 .L0 
8020011a 8020011a        0     1                 .L0 
8020011e 8020011e        0     1                 .L0 
80200122 80200122        0     1                 .L0 
80200122 80200122        0     1                 .L0 
8020012a 8020012a        0     1                 .L0 
8020012e 8020012e        0     1                 .L0 
80200132 80200132        0     1                 .L0 
80200148 80200148        0     1                 .L0 
80200148 80200148        0     1                 .L0 
8020014a 8020014a        0     1                 .L0 
8020014a 8020014a        0     1                 .L0 
80200150 80200150        0     1                 .L0 
80200150 80200150        0     1                 .L0 
80200156 80200156        0     1                 .L0 
80200156 80200156        0     1                 .L0 
8020015a 8020015a        0     1                 .L0 
8020015a 8020015a        0     1                 .L0 
8020015a 8020015a        0     1                 .L0 
8020015a 8020015a        0     1                 .L0 
8020015a 8020015a        0     1                 .L0 
8020015a 8020015a      110     1                 kernel_main
80200166 80200166        0     1                 .L0 
8020017c 8020017c        0     1                 .L0 
8020017c 8020017c        0     1                 .L0 
80200198 80200198        0     1                 .L0 
80200198 80200198        0     1                 .L0 
80200198 80200198        0     1                 .L0 
8020019e 8020019e        0     1                 .L0 
8020019e 8020019e        0     1                 .L0 
802001a2 802001a2        0     1                 .L0 
802001a4 802001a4        0     1                 .L0 
802001a8 802001a8        0     1                 .L0 
802001a8 802001a8        0     1                 .L0 
802001ba 802001ba        0     1                 .L0 
802001ba 802001ba        0     1                 .L0 
802001ce 802001ce        0     1                 .L0 
802001ce 802001ce        0     1                 .L0 
802001d6 802001d6        0     1                 .L0 
802001d6 802001d6        0     1                 .L0 
802001d8 802001d8        0     1                 .L0 
802001da 802001da        0     1                 .L0 
802001e2 802001e2        0     1                 .L0 
802001e6 802001e6        0     1                 .L0 
802001ea 802001ea        0     1                 .L0 
80200200 80200200        0     1                 .L0 
80200200 80200200        0     1                 .L0 
80200202 80200202        0     1                 .L0 
80200202 80200202        0     1                 .L0 
8020020a 8020020a        0     1                 .L0 
8020020a 8020020a        0     1                 .L0 
8020020e 8020020e        0     1                 .L0 
8020020e 8020020e        0     1                 .L0 
80200210 80200210        0     1                 .L0 
80200216 80200216        0     1                 .L0 
8020021a 8020021a        0     1                 .L0 
8020021a 8020021a        0     1                 .L0 
80200230 80200230        0     1                 .L0 
80200230 80200230        0     1                 .L0 
80200232 80200232        0     1                 .L0 
80200232 80200232        0     1                 .L0 
8020023a 8020023a        0     1                 .L0 
8020023a 8020023a        0     1                 .L0 
80200246 80200246        0     1                 .L0 
80200246 80200246        0     1                 .L0 
80200252 80200252        0     1                 .L0 
80200252 80200252        0     1                 .L0 
80200268 80200268        0     1                 .L0 
80200268 80200268        0     1                 .L0 
8020026a 8020026a        0     1                 .L0 
8020026a 8020026a        0     1                 .L0 
8020026a 8020026a      220     2         /var/folders/gt/4b4y5qgn4cx7h6s1nwxzf4hw0000gn/T/common-d06e1b.o:(.text)
8020026a 8020026a        0     1                 .L0 
8020026a 8020026a        0     1                 .L0 
8020026a 8020026a        0     1                 $x
8020026a 8020026a        0     1                 .L0 
8020026a 8020026a      1a6     1                 printf
80200298 80200298        0     1                 .L0 
802002c0 802002c0        0     1                 .L0 
802002c0 802002c0        0     1                 .L0 
802002c4 802002c4        0     1                 .L0 
802002c4 802002c4        0     1                 .L0 
802002c6 802002c6        0     1                 .L0 
802002c6 802002c6        0     1                 .L0 
802002ca 802002ca        0     1                 .L0 
802002d2 802002d2        0     1                 .L0 
802002d2 802002d2        0     1                 .L0 
802002d4 802002d4        0     1                 .L0 
802002d4 802002d4        0     1                 .L0 
802002d6 802002d6        0     1                 .L0 
802002d8 802002d8        0     1                 .L0 
802002d8 802002d8        0     1                 .L0 
802002dc 802002dc        0     1                 .L0 
802002de 802002de        0     1                 .L0 
802002ee 802002ee        0     1                 .L0 
802002ee 802002ee        0     1                 .L0 
802002fa 802002fa        0     1                 .L0 
802002fa 802002fa        0     1                 .L0 
802002fe 802002fe        0     1                 .L0 
802002fe 802002fe        0     1                 .L0 
80200300 80200300        0     1                 .L0 
80200306 80200306        0     1                 .L0 
80200306 80200306        0     1                 .L0 
80200306 80200306        0     1                 .L0 
8020030e 8020030e        0     1                 .L0 
8020030e 8020030e        0     1                 .L0 
80200318 80200318        0     1                 .L0 
80200318 80200318        0     1                 .L0 
8020031c 8020031c        0     1                 .L0 
8020031c 8020031c        0     1                 .L0 
8020031e 8020031e        0     1                 .L0 
80200322 80200322        0     1                 .L0 
80200324 80200324        0     1                 .L0 
80200324 80200324        0     1                 .L0 
8020032a 8020032a        0     1                 .L0 
8020032a 8020032a        0     1                 .L0 
8020032c 8020032c        0     1                 .L0 
80200330 80200330        0     1                 .L0 
80200332 80200332        0     1                 .L0 
80200332 80200332        0     1                 .L0 
80200338 80200338        0     1                 .L0 
80200338 80200338        0     1                 .L0 
8020033a 8020033a        0     1                 .L0 
8020033e 8020033e        0     1                 .L0 
80200340 80200340        0     1                 .L0 
80200340 80200340        0     1                 .L0 
80200346 80200346        0     1                 .L0 
80200346 80200346        0     1                 .L0 
80200348 80200348        0     1                 .L0 
8020034c 8020034c        0     1                 .L0 
8020034e 8020034e        0     1                 .L0 
8020034e 8020034e        0     1                 .L0 
80200354 80200354        0     1                 .L0 
80200354 80200354        0     1                 .L0 
80200356 80200356        0     1                 .L0 
8020035a 8020035a        0     1                 .L0 
8020035c 8020035c        0     1                 .L0 
8020035c 8020035c        0     1                 .L0 
80200362 80200362        0     1                 .L0 
80200362 80200362        0     1                 .L0 
80200364 80200364        0     1                 .L0 
80200368 80200368        0     1                 .L0 
8020036a 8020036a        0     1                 .L0 
8020036a 8020036a        0     1                 .L0 
80200370 80200370        0     1                 .L0 
80200370 80200370        0     1                 .L0 
80200372 80200372        0     1                 .L0 
80200376 80200376        0     1                 .L0 
80200378 80200378        0     1                 .L0 
80200378 80200378        0     1                 .L0 
8020037a 8020037a        0     1                 .L0 
8020037a 8020037a        0     1                 .L0 
8020037c 8020037c        0     1                 .L0 
80200380 80200380        0     1                 .L0 
80200380 80200380        0     1                 .L0 
80200382 80200382        0     1                 .L0 
80200382 80200382        0     1                 .L0 
80200384 80200384        0     1                 .L0 
80200386 80200386        0     1                 .L0 
80200386 80200386        0     1                 .L0 
80200386 80200386        0     1                 .L0 
80200390 80200390        0     1                 .L0 
80200390 80200390        0     1                 .L0 
80200394 80200394        0     1                 .L0 
8020039a 8020039a        0     1                 .L0 
8020039a 8020039a        0     1                 .L0 
8020039a 8020039a        0     1                 .L0 
802003a0 802003a0        0     1                 .L0 
802003a0 802003a0        0     1                 .L0 
802003a4 802003a4        0     1                 .L0 
802003a6 802003a6        0     1                 .L0 
802003aa 802003aa        0     1                 .L0 
802003aa 802003aa        0     1                 .L0 
802003aa 802003aa        0     1                 .L0 
802003b0 802003b0        0     1                 .L0 
802003b0 802003b0        0     1                 .L0 
802003b4 802003b4        0     1                 .L0 
802003b4 802003b4        0     1                 .L0 
802003b6 802003b6        0     1                 .L0 
802003ba 802003ba        0     1                 .L0 
802003ba 802003ba        0     1                 .L0 
802003bc 802003bc        0     1                 .L0 
802003bc 802003bc        0     1                 .L0 
802003bc 802003bc        0     1                 .L0 
802003c0 802003c0        0     1                 .L0 
802003c4 802003c4        0     1                 .L0 
802003c8 802003c8        0     1                 .L0 
802003c8 802003c8        0     1                 .L0 
802003c8 802003c8        0     1                 .L0 
802003ca 802003ca        0     1                 .L0 
802003ca 802003ca        0     1                 .L0 
802003ce 802003ce        0     1                 .L0 
802003d2 802003d2        0     1                 .L0 
802003d8 802003d8        0     1                 .L0 
802003d8 802003d8        0     1                 .L0 
802003e0 802003e0        0     1                 .L0 
802003e6 802003e6        0     1                 .L0 
802003e6 802003e6        0     1                 .L0 
802003ec 802003ec        0     1                 .L0 
802003ec 802003ec        0     1                 .L0 
802003ec 802003ec        0     1                 .L0 
802003f2 802003f2        0     1                 .L0 
802003f2 802003f2        0     1                 .L0 
802003f2 802003f2        0     1                 .L0 
802003f6 802003f6        0     1                 .L0 
8020040c 8020040c        0     1                 .L0 
80200410 80200410        0     1                 .L0 
80200410 80200410        0     1                 .L0 
80200410 80200410        0     1                 .L0 
80200410 80200410        0     1                 .L0 
80200410 80200410        0     1                 .L0 
80200410 80200410       1c     1                 memcpy
80200414 80200414        0     1                 .L0 
80200414 80200414        0     1                 .L0 
80200416 80200416        0     1                 .L0 
80200416 80200416        0     1                 .L0 
80200416 80200416        0     1                 .L0 
8020041a 8020041a        0     1                 .L0 
8020041c 8020041c        0     1                 .L0 
80200420 80200420        0     1                 .L0 
80200420 80200420        0     1                 .L0 
80200424 80200424        0     1                 .L0 
80200426 80200426        0     1                 .L0 
80200426 80200426        0     1                 .L0 
8020042a 8020042a        0     1                 .L0 
8020042a 8020042a        0     1                 .L0 
8020042a 8020042a        0     1                 .L0 
8020042c 8020042c        0     1                 .L0 
8020042c 8020042c        0     1                 .L0 
8020042c 8020042c        0     1                 .L0 
8020042c 8020042c        0     1                 .L0 
8020042c 8020042c        0     1                 .L0 
8020042c 8020042c       16     1                 memset
80200430 80200430        0     1                 .L0 
80200430 80200430        0     1                 .L0 
80200432 80200432        0     1                 .L0 
80200432 80200432        0     1                 .L0 
80200432 80200432        0     1                 .L0 
80200436 80200436        0     1                 .L0 
80200436 80200436        0     1                 .L0 
8020043a 8020043a        0     1                 .L0 
8020043c 8020043c        0     1                 .L0 
8020043c 8020043c        0     1                 .L0 
80200440 80200440        0     1                 .L0 
80200440 80200440        0     1                 .L0 
80200440 80200440        0     1                 .L0 
80200442 80200442        0     1                 .L0 
80200442 80200442        0     1                 .L0 
80200442 80200442        0     1                 .L0 
80200442 80200442        0     1                 .L0 
80200442 80200442        0     1                 .L0 
80200442 80200442       24     1                 strcpy
80200448 80200448        0     1                 .L0 
8020044c 8020044c        0     1                 .L0 
8020044c 8020044c        0     1                 .L0 
8020044e 8020044e        0     1                 .L0 
8020044e 8020044e        0     1                 .L0 
8020044e 8020044e        0     1                 .L0 
80200452 80200452        0     1                 .L0 
80200456 80200456        0     1                 .L0 
8020045a 8020045a        0     1                 .L0 
8020045a 8020045a        0     1                 .L0 
8020045c 8020045c        0     1                 .L0 
8020045c 8020045c        0     1                 .L0 
8020045e 8020045e        0     1                 .L0 
80200460 80200460        0     1                 .L0 
80200460 80200460        0     1                 .L0 
80200460 80200460        0     1                 .L0 
80200464 80200464        0     1                 .L0 
80200466 80200466        0     1                 .L0 
80200466 80200466        0     1                 .L0 
80200466 80200466        0     1                 .L0 
80200466 80200466        0     1                 .L0 
80200466 80200466        0     1                 .L0 
80200466 80200466       24     1                 strcmp
8020046a 8020046a        0     1                 .L0 
8020046c 8020046c        0     1                 .L0 
8020046e 8020046e        0     1                 .L0 
8020046e 8020046e        0     1                 .L0 
8020046e 8020046e        0     1                 .L0 
80200472 80200472        0     1                 .L0 
80200476 80200476        0     1                 .L0 
80200476 80200476        0     1                 .L0 
8020047a 8020047a        0     1                 .L0 
8020047c 8020047c        0     1                 .L0 
8020047e 8020047e        0     1                 .L0 
80200480 80200480        0     1                 .L0 
80200480 80200480        0     1                 .L0 
80200484 80200484        0     1                 .L0 
80200488 80200488        0     1                 .L0 
8020048a 8020048a        0     1                 .L0 
8020048a 8020048a        0     1                 .L0 
8020048c 8020048c      12f     4 .rodata
8020048c 8020048c      12f     1         <internal>:(.rodata.str1.1)
802005bc 802005bc        4     4 .sdata
802005bc 802005bc        4     4         /var/folders/gt/4b4y5qgn4cx7h6s1nwxzf4hw0000gn/T/kernel-6d5d71.o:(.sdata)
802005bc 802005bc        4     1                 alloc_pages.next_paddr
802005bc 802005bc        0     1                 $d
802005c0 802005c0        0     4 .bss
802005c0 802005c0        0     1         __bss = .
802005c0 802005c0        0     1         __bss_end = .
802005c0 802005c0        0     1 . = ALIGN ( 4 )
802005c0 802005c0    20000     1 . += 128 * 1024
802205c0 802205c0        0     1 __stack_top = .
802205c0 802205c0      a40     1 . = ALIGN ( 4096 )
80221000 80221000        0     1 __free_ram = .
80221000 80221000  4000000     1 . += 64 * 1024 * 1024
84221000 84221000        0     1 __free_ram_end = .
       0        0      2e2     1 .debug_loclists
       0        0      108     1         /var/folders/gt/4b4y5qgn4cx7h6s1nwxzf4hw0000gn/T/kernel-6d5d71.o:(.debug_loclists)
       0        0        0     1                 $d
       c        c        0     1                 .L0 
     108      108      1da     1         /var/folders/gt/4b4y5qgn4cx7h6s1nwxzf4hw0000gn/T/common-d06e1b.o:(.debug_loclists)
     108      108        0     1                 $d
     114      114        0     1                 .L0 
       0        0      2f5     1 .debug_abbrev
       0        0      1c8     1         /var/folders/gt/4b4y5qgn4cx7h6s1nwxzf4hw0000gn/T/kernel-6d5d71.o:(.debug_abbrev)
       0        0        0     1                 $d
     1c8      1c8      12d     1         /var/folders/gt/4b4y5qgn4cx7h6s1nwxzf4hw0000gn/T/common-d06e1b.o:(.debug_abbrev)
     1c8      1c8        0     1                 $d
       0        0      8e4     1 .debug_info
       0        0      6a6     1         /var/folders/gt/4b4y5qgn4cx7h6s1nwxzf4hw0000gn/T/kernel-6d5d71.o:(.debug_info)
       0        0        0     1                 $d
     6a6      6a6      23e     1         /var/folders/gt/4b4y5qgn4cx7h6s1nwxzf4hw0000gn/T/common-d06e1b.o:(.debug_info)
     6a6      6a6        0     1                 $d
       0        0       33     1 .debug_rnglists
       0        0       18     1         /var/folders/gt/4b4y5qgn4cx7h6s1nwxzf4hw0000gn/T/kernel-6d5d71.o:(.debug_rnglists)
       0        0        0     1                 $d
       c        c        0     1                 .L0 
      18       18       1b     1         /var/folders/gt/4b4y5qgn4cx7h6s1nwxzf4hw0000gn/T/common-d06e1b.o:(.debug_rnglists)
      18       18        0     1                 $d
      24       24        0     1                 .L0 
       0        0      1d0     1 .debug_str_offsets
       0        0      138     1         /var/folders/gt/4b4y5qgn4cx7h6s1nwxzf4hw0000gn/T/kernel-6d5d71.o:(.debug_str_offsets)
       0        0        0     1                 $d
       8        8        0     1                 .L0 
     138      138       98     1         /var/folders/gt/4b4y5qgn4cx7h6s1nwxzf4hw0000gn/T/common-d06e1b.o:(.debug_str_offsets)
     138      138        0     1                 $d
     140      140        0     1                 .L0 
       0        0      271     1 .debug_str
       0        0      271     1         <internal>:(.debug_str)
       0        0       fc     1 .debug_addr
       0        0       9c     1         /var/folders/gt/4b4y5qgn4cx7h6s1nwxzf4hw0000gn/T/kernel-6d5d71.o:(.debug_addr)
       0        0        0     1                 $d
       8        8        0     1                 .L0 
      9c       9c       60     1         /var/folders/gt/4b4y5qgn4cx7h6s1nwxzf4hw0000gn/T/common-d06e1b.o:(.debug_addr)
      9c       9c        0     1                 $d
      a4       a4        0     1                 .L0 
       0        0       3b     1 .comment
       0        0       3b     1         <internal>:(.comment)
       0        0       34     1 .riscv.attributes
       0        0       34     1         <internal>:(.riscv.attributes)
       0        0      138     4 .debug_frame
       0        0       b4     4         /var/folders/gt/4b4y5qgn4cx7h6s1nwxzf4hw0000gn/T/kernel-6d5d71.o:(.debug_frame)
       0        0        0     1                 .L0 
       0        0        0     1                 $d
      b4       b4       84     4         /var/folders/gt/4b4y5qgn4cx7h6s1nwxzf4hw0000gn/T/common-d06e1b.o:(.debug_frame)
      b4       b4        0     1                 .L0 
      b4       b4        0     1                 $d
       0        0      614     1 .debug_line
       0        0      240     1         /var/folders/gt/4b4y5qgn4cx7h6s1nwxzf4hw0000gn/T/kernel-6d5d71.o:(.debug_line)
       0        0        0     1                 .Lline_table_start0
       0        0        0     1                 $d
     240      240      3d4     1         /var/folders/gt/4b4y5qgn4cx7h6s1nwxzf4hw0000gn/T/common-d06e1b.o:(.debug_line)
     240      240        0     1                 .Lline_table_start0
     240      240        0     1                 $d
       0        0       5a     1 .debug_line_str
       0        0       5a     1         <internal>:(.debug_line_str)
       0        0      340     4 .symtab
       0        0      340     4         <internal>:(.symtab)
       0        0       dd     1 .shstrtab
       0        0       dd     1         <internal>:(.shstrtab)
       0        0      129     1 .strtab
       0        0      129     1         <internal>:(.strtab)
