     VMA      LMA     Size Align Out     In      Symbol
       0        0 80200000     1 . = 0x80200000
80200000 80200000       b8     2 .text
80200000 80200000        e     2         /tmp/kernel-e325e9.o:(.text.boot)
80200000 80200000        0     1                 .L0 
80200000 80200000        0     1                 .L0 
80200000 80200000        0     1                 $x
80200000 80200000        0     1                 .L0 
80200000 80200000        e     1                 boot
8020000e 8020000e        0     1                 .L0 
8020000e 8020000e        0     1                 .L0 
8020000e 8020000e       aa     2         /tmp/kernel-e325e9.o:(.text)
8020000e 8020000e        0     1                 .L0 
8020000e 8020000e        0     1                 .L0 
8020000e 8020000e        0     1                 $x
8020000e 8020000e        0     1                 .L0 
8020000e 8020000e        6     1                 sbi_call
80200012 80200012        0     1                 .L0 
80200014 80200014        0     1                 .L0 
80200014 80200014        0     1                 .L0 
80200014 80200014        0     1                 .L0 
80200014 80200014       14     1                 putchar
80200026 80200026        0     1                 .L0 
80200028 80200028        0     1                 .L0 
80200028 80200028        0     1                 .L0 
80200028 80200028        0     1                 .L0 
80200028 80200028       28     1                 puts
8020002a 8020002a        0     1                 .L0 
8020002e 8020002e        0     1                 .L0 
80200040 80200040        0     1                 .L0 
80200040 80200040        0     1                 .L0 
80200040 80200040        0     1                 .L0 
80200046 80200046        0     1                 .L0 
80200046 80200046        0     1                 .L0 
8020004a 8020004a        0     1                 .L0 
8020004c 8020004c        0     1                 .L0 
8020004e 8020004e        0     1                 .L0 
8020004e 8020004e        0     1                 .L0 
80200050 80200050        0     1                 .L0 
80200050 80200050        0     1                 .L0 
80200050 80200050        0     1                 .L0 
80200050 80200050        0     1                 .L0 
80200050 80200050        0     1                 .L0 
80200050 80200050       16     1                 memset
80200054 80200054        0     1                 .L0 
80200054 80200054        0     1                 .L0 
80200056 80200056        0     1                 .L0 
80200056 80200056        0     1                 .L0 
80200056 80200056        0     1                 .L0 
8020005a 8020005a        0     1                 .L0 
8020005a 8020005a        0     1                 .L0 
8020005e 8020005e        0     1                 .L0 
80200060 80200060        0     1                 .L0 
80200060 80200060        0     1                 .L0 
80200064 80200064        0     1                 .L0 
80200064 80200064        0     1                 .L0 
80200064 80200064        0     1                 .L0 
80200066 80200066        0     1                 .L0 
80200066 80200066        0     1                 .L0 
80200066 80200066        0     1                 .L0 
80200066 80200066        0     1                 .L0 
80200066 80200066        0     1                 .L0 
80200066 80200066       52     1                 kernel_main
8020006e 8020006e        0     1                 .L0 
8020007a 8020007a        0     1                 .L0 
8020007c 8020007c        0     1                 .L0 
8020007c 8020007c        0     1                 .L0 
8020007c 8020007c        0     1                 .L0 
80200080 80200080        0     1                 .L0 
80200080 80200080        0     1                 .L0 
80200086 80200086        0     1                 .L0 
80200086 80200086        0     1                 .L0 
8020008a 8020008a        0     1                 .L0 
8020008a 8020008a        0     1                 .L0 
8020008a 8020008a        0     1                 .L0 
802000a6 802000a6        0     1                 .L0 
802000a6 802000a6        0     1                 .L0 
802000a6 802000a6        0     1                 .L0 
802000ac 802000ac        0     1                 .L0 
802000ac 802000ac        0     1                 .L0 
802000b0 802000b0        0     1                 .L0 
802000b2 802000b2        0     1                 .L0 
802000b6 802000b6        0     1                 .L0 
802000b6 802000b6        0     1                 .L0 
802000b6 802000b6        0     1                 .L0 
802000b8 802000b8        0     1                 .L0 
802000b8 802000b8        0     1                 .L0 
802000b8 802000b8       1c     4 .rodata
802000b8 802000b8       1c     1         <internal>:(.rodata.str1.1)
802000d4 802000d4        0     4 .bss
802000d4 802000d4        0     1         __bss = .
802000d4 802000d4        0     1         __bss_end = .
802000d4 802000d4        0     1 . = ALIGN ( 4 )
802000d4 802000d4    20000     1 . += 128 * 1024
802200d4 802200d4        0     1 __stack_top = .
       0        0       d5     1 .debug_loclists
       0        0       d5     1         /tmp/kernel-e325e9.o:(.debug_loclists)
       0        0        0     1                 $d
       c        c        0     1                 .L0 
       0        0      159     1 .debug_abbrev
       0        0      159     1         /tmp/kernel-e325e9.o:(.debug_abbrev)
       0        0        0     1                 $d
       0        0      3d9     1 .debug_info
       0        0      3d9     1         /tmp/kernel-e325e9.o:(.debug_info)
       0        0        0     1                 $d
       0        0       18     1 .debug_rnglists
       0        0       18     1         /tmp/kernel-e325e9.o:(.debug_rnglists)
       0        0        0     1                 $d
       c        c        0     1                 .L0 
       0        0       b0     1 .debug_str_offsets
       0        0       b0     1         /tmp/kernel-e325e9.o:(.debug_str_offsets)
       0        0        0     1                 $d
       8        8        0     1                 .L0 
       0        0      129     1 .debug_str
       0        0      129     1         <internal>:(.debug_str)
       0        0       2c     1 .debug_addr
       0        0       2c     1         /tmp/kernel-e325e9.o:(.debug_addr)
       0        0        0     1                 $d
       8        8        0     1                 .L0 
       0        0       29     1 .comment
       0        0       29     1         <internal>:(.comment)
       0        0       34     1 .riscv.attributes
       0        0       34     1         <internal>:(.riscv.attributes)
       0        0       74     4 .debug_frame
       0        0       74     4         /tmp/kernel-e325e9.o:(.debug_frame)
       0        0        0     1                 .L0 
       0        0        0     1                 $d
       0        0      158     1 .debug_line
       0        0      158     1         /tmp/kernel-e325e9.o:(.debug_line)
       0        0        0     1                 .Lline_table_start0
       0        0        0     1                 $d
       0        0       40     1 .debug_line_str
       0        0       40     1         <internal>:(.debug_line_str)
       0        0      1a0     4 .symtab
       0        0      1a0     4         <internal>:(.symtab)
       0        0       d6     1 .shstrtab
       0        0       d6     1         <internal>:(.shstrtab)
       0        0       81     1 .strtab
       0        0       81     1         <internal>:(.strtab)
